Archive member included to satisfy reference by file (symbol)

/usr/lib/gcc/arm-none-eabi/8.3.1/thumb/v6-m/nofp/libgcc.a(_dvmd_tls.o)
                              CMakeFiles/v3fkontroller.dir/home/alex/software/pico-sdk/src/rp2_common/pico_divider/divider.S.obj (__aeabi_idiv0)
/usr/lib/gcc/arm-none-eabi/8.3.1/../../../arm-none-eabi/lib/thumb/v6-m/nofp/libc.a(lib_a-atexit.o)
                              /usr/lib/gcc/arm-none-eabi/8.3.1/../../../arm-none-eabi/lib/thumb/v6-m/nofp/crt0.o (atexit)
/usr/lib/gcc/arm-none-eabi/8.3.1/../../../arm-none-eabi/lib/thumb/v6-m/nofp/libc.a(lib_a-calloc.o)
                              CMakeFiles/v3fkontroller.dir/home/alex/software/pico-sdk/src/rp2_common/pico_malloc/pico_malloc.c.obj (calloc)
/usr/lib/gcc/arm-none-eabi/8.3.1/../../../arm-none-eabi/lib/thumb/v6-m/nofp/libc.a(lib_a-callocr.o)
                              /usr/lib/gcc/arm-none-eabi/8.3.1/../../../arm-none-eabi/lib/thumb/v6-m/nofp/libc.a(lib_a-calloc.o) (_calloc_r)
/usr/lib/gcc/arm-none-eabi/8.3.1/../../../arm-none-eabi/lib/thumb/v6-m/nofp/libc.a(lib_a-fini.o)
                              /usr/lib/gcc/arm-none-eabi/8.3.1/../../../arm-none-eabi/lib/thumb/v6-m/nofp/crt0.o (__libc_fini_array)
/usr/lib/gcc/arm-none-eabi/8.3.1/../../../arm-none-eabi/lib/thumb/v6-m/nofp/libc.a(lib_a-impure.o)
                              /usr/lib/gcc/arm-none-eabi/8.3.1/../../../arm-none-eabi/lib/thumb/v6-m/nofp/libc.a(lib_a-calloc.o) (_impure_ptr)
/usr/lib/gcc/arm-none-eabi/8.3.1/../../../arm-none-eabi/lib/thumb/v6-m/nofp/libc.a(lib_a-init.o)
                              /usr/lib/gcc/arm-none-eabi/8.3.1/../../../arm-none-eabi/lib/thumb/v6-m/nofp/crt0.o (__libc_init_array)
/usr/lib/gcc/arm-none-eabi/8.3.1/../../../arm-none-eabi/lib/thumb/v6-m/nofp/libc.a(lib_a-malloc.o)
                              CMakeFiles/v3fkontroller.dir/home/alex/software/pico-sdk/src/rp2_common/pico_malloc/pico_malloc.c.obj (malloc)
/usr/lib/gcc/arm-none-eabi/8.3.1/../../../arm-none-eabi/lib/thumb/v6-m/nofp/libc.a(lib_a-mallocr.o)
                              /usr/lib/gcc/arm-none-eabi/8.3.1/../../../arm-none-eabi/lib/thumb/v6-m/nofp/libc.a(lib_a-callocr.o) (_malloc_r)
/usr/lib/gcc/arm-none-eabi/8.3.1/../../../arm-none-eabi/lib/thumb/v6-m/nofp/libc.a(lib_a-mlock.o)
                              /usr/lib/gcc/arm-none-eabi/8.3.1/../../../arm-none-eabi/lib/thumb/v6-m/nofp/libc.a(lib_a-mallocr.o) (__malloc_lock)
/usr/lib/gcc/arm-none-eabi/8.3.1/../../../arm-none-eabi/lib/thumb/v6-m/nofp/libc.a(lib_a-realloc.o)
                              CMakeFiles/v3fkontroller.dir/home/alex/software/pico-sdk/src/rp2_common/pico_malloc/pico_malloc.c.obj (realloc)
/usr/lib/gcc/arm-none-eabi/8.3.1/../../../arm-none-eabi/lib/thumb/v6-m/nofp/libc.a(lib_a-reallocr.o)
                              /usr/lib/gcc/arm-none-eabi/8.3.1/../../../arm-none-eabi/lib/thumb/v6-m/nofp/libc.a(lib_a-realloc.o) (_realloc_r)
/usr/lib/gcc/arm-none-eabi/8.3.1/../../../arm-none-eabi/lib/thumb/v6-m/nofp/libc.a(lib_a-sbrkr.o)
                              /usr/lib/gcc/arm-none-eabi/8.3.1/../../../arm-none-eabi/lib/thumb/v6-m/nofp/libc.a(lib_a-mallocr.o) (_sbrk_r)
/usr/lib/gcc/arm-none-eabi/8.3.1/../../../arm-none-eabi/lib/thumb/v6-m/nofp/libc.a(lib_a-strlen-stub.o)
                              CMakeFiles/v3fkontroller.dir/home/alex/software/pico-sdk/src/rp2_common/pico_stdio/stdio.c.obj (strlen)
/usr/lib/gcc/arm-none-eabi/8.3.1/../../../arm-none-eabi/lib/thumb/v6-m/nofp/libc.a(lib_a-__atexit.o)
                              /usr/lib/gcc/arm-none-eabi/8.3.1/../../../arm-none-eabi/lib/thumb/v6-m/nofp/libc.a(lib_a-atexit.o) (__register_exitproc)
/usr/lib/gcc/arm-none-eabi/8.3.1/../../../arm-none-eabi/lib/thumb/v6-m/nofp/libc.a(lib_a-freer.o)
                              /usr/lib/gcc/arm-none-eabi/8.3.1/../../../arm-none-eabi/lib/thumb/v6-m/nofp/libc.a(lib_a-malloc.o) (_free_r)
/usr/lib/gcc/arm-none-eabi/8.3.1/../../../arm-none-eabi/lib/thumb/v6-m/nofp/libc.a(lib_a-memmove.o)
                              /usr/lib/gcc/arm-none-eabi/8.3.1/../../../arm-none-eabi/lib/thumb/v6-m/nofp/libc.a(lib_a-reallocr.o) (memmove)
/usr/lib/gcc/arm-none-eabi/8.3.1/../../../arm-none-eabi/lib/thumb/v6-m/nofp/libc.a(lib_a-reent.o)
                              /usr/lib/gcc/arm-none-eabi/8.3.1/../../../arm-none-eabi/lib/thumb/v6-m/nofp/libc.a(lib_a-sbrkr.o) (errno)

Allocating common symbols
Common symbol       size              file

sf_table            0x100             CMakeFiles/v3fkontroller.dir/home/alex/software/pico-sdk/src/rp2_common/pico_float/float_init_rom.c.obj
errno               0x4               /usr/lib/gcc/arm-none-eabi/8.3.1/../../../arm-none-eabi/lib/thumb/v6-m/nofp/libc.a(lib_a-reent.o)
_usbd_qdef_buf      0xc0              CMakeFiles/v3fkontroller.dir/home/alex/software/pico-sdk/lib/tinyusb/src/device/usbd.c.obj
sd_table            0x100             CMakeFiles/v3fkontroller.dir/home/alex/software/pico-sdk/src/rp2_common/pico_double/double_init_rom.c.obj
uart_char_to_line_feed
[...]
Memory Configuration

Name             Origin             Length             Attributes
FLASH            0x0000000010000000 0x0000000000200000 xr
RAM              0x0000000020000000 0x0000000000040000 xrw
SCRATCH_X        0x0000000020040000 0x0000000000001000 xrw
SCRATCH_Y        0x0000000020041000 0x0000000000001000 xrw
*default*        0x0000000000000000 0xffffffffffffffff

Linker script and memory map

LOAD /usr/lib/gcc/arm-none-eabi/8.3.1/thumb/v6-m/nofp/crti.o
LOAD /usr/lib/gcc/arm-none-eabi/8.3.1/thumb/v6-m/nofp/crtbegin.o
LOAD /usr/lib/gcc/arm-none-eabi/8.3.1/../../../arm-none-eabi/lib/thumb/v6-m/nofp/crt0.o

.flash_begin    0x0000000010000000        0x0
                0x0000000010000000                __flash_binary_start = .

.boot2          0x0000000010000000      0x100
                0x0000000010000000                __boot2_start__ = .
 *(.boot2)
 .boot2         0x0000000010000000      0x100 /tmp/cc9UeiUV.o
                0x0000000010000100                __boot2_end__ = .
                0x0000000000000001                ASSERT (((__boot2_end__ - __boot2_start__) == 0x100), ERROR: Pico second stage bootloader must be 256 bytes in size)

.text           0x0000000010000100     0x7cc0
                0x0000000010000100                __logical_binary_start = .
 *(.vectors)
 .vectors       0x0000000010000100       0xd4 CMakeFiles/v3fkontroller.dir/home/alex/software/pico-sdk/src/rp2_common/pico_standard_link/crt0.S.obj
                0x0000000010000100                __vectors
                0x0000000010000100                __VECTOR_TABLE
                0x00000000100001c0                isr_invalid
                0x00000000100001c0                __default_isrs_start
                0x00000000100001c2                isr_nmi
                0x00000000100001c4                isr_hardfault
                0x00000000100001c6                isr_svcall
                0x00000000100001c8                isr_pendsv
                0x00000000100001ca                isr_systick
                0x00000000100001cc                isr_irq30
                0x00000000100001cc                __unhandled_user_irq
                0x00000000100001cc                isr_irq13
                0x00000000100001cc                isr_irq27
                0x00000000100001cc                isr_irq31
                0x00000000100001cc                isr_irq5
                0x00000000100001cc                isr_irq11
                0x00000000100001cc                isr_irq23
                0x00000000100001cc                isr_irq18
                0x00000000100001cc                isr_irq28
                0x00000000100001cc                isr_irq19
                0x00000000100001cc                isr_irq0
                0x00000000100001cc                isr_irq6
                0x00000000100001cc                isr_irq22
                0x00000000100001cc                isr_irq17
                0x00000000100001cc                isr_irq14
                0x00000000100001cc                isr_irq2
                0x00000000100001cc                isr_irq10
                0x00000000100001cc                isr_irq8
                0x00000000100001cc                isr_irq24
                0x00000000100001cc                isr_irq1
                0x00000000100001cc                isr_irq7
                0x00000000100001cc                isr_irq21
                0x00000000100001cc                isr_irq20
                0x00000000100001cc                isr_irq15
                0x00000000100001cc                isr_irq25
                0x00000000100001cc                isr_irq4
                0x00000000100001cc                isr_irq16
                0x00000000100001cc                isr_irq29
                0x00000000100001cc                isr_irq26
                0x00000000100001cc                __default_isrs_end
                0x00000000100001cc                isr_irq3
                0x00000000100001cc                isr_irq12
                0x00000000100001cc                isr_irq9
                0x00000000100001d2                unhandled_user_irq_num_in_r0
 *(.binary_info_header)
 .binary_info_header
                0x00000000100001d4       0x14 CMakeFiles/v3fkontroller.dir/home/alex/software/pico-sdk/src/rp2_common/pico_standard_link/crt0.S.obj
                0x00000000100001e8                __binary_info_header_end = .
 *(.reset)
 .reset         0x00000000100001e8       0xa8 CMakeFiles/v3fkontroller.dir/home/alex/software/pico-sdk/src/rp2_common/pico_standard_link/crt0.S.obj
                0x00000000100001e8                _entry_point
                0x0000000010000266                __get_current_exception
 .reset         0x0000000010000290       0x30 CMakeFiles/v3fkontroller.dir/home/alex/software/pico-sdk/src/rp2_common/pico_standard_link/binary_info.c.obj
 *(.init)
 .init          0x00000000100002c0        0x4 /usr/lib/gcc/arm-none-eabi/8.3.1/thumb/v6-m/nofp/crti.o
                0x00000000100002c0                _init
 *(EXCLUDE_FILE(*libm.a: *libc.a:*lib_a-mem*.o *libgcc.a:) .text*)
 .text          0x00000000100002c4       0x98 /usr/lib/gcc/arm-none-eabi/8.3.1/thumb/v6-m/nofp/crtbegin.o
 .text.setup_gpio
                0x000000001000035c       0xd4 CMakeFiles/v3fkontroller.dir/main.c.obj
                0x000000001000035c                setup_gpio
 .text.motor_output_on
                0x0000000010000430       0xcc CMakeFiles/v3fkontroller.dir/main.c.obj
                0x0000000010000430                motor_output_on
 .text.check_rotor_position
                0x00000000100004fc      0x190 CMakeFiles/v3fkontroller.dir/main.c.obj
                0x00000000100004fc                check_rotor_position
 .text.pwm_control_loop
                0x000000001000068c      0x368 CMakeFiles/v3fkontroller.dir/main.c.obj
                0x000000001000068c                pwm_control_loop
 .text.startup.main
                0x00000000100009f4      0x128 CMakeFiles/v3fkontroller.dir/main.c.obj
                0x00000000100009f4                main
 .text.gpio_set_function
                0x0000000010000b1c       0x30 CMakeFiles/v3fkontroller.dir/home/alex/software/pico-sdk/src/rp2_common/hardware_gpio/gpio.c.obj
                0x0000000010000b1c                gpio_set_function
 .text.gpio_set_pulls
                0x0000000010000b4c       0x30 CMakeFiles/v3fkontroller.dir/home/alex/software/pico-sdk/src/rp2_common/hardware_gpio/gpio.c.obj
                0x0000000010000b4c                gpio_set_pulls
 .text.gpio_set_input_enabled
                0x0000000010000b7c       0x28 CMakeFiles/v3fkontroller.dir/home/alex/software/pico-sdk/src/rp2_common/hardware_gpio/gpio.c.obj
                0x0000000010000b7c                gpio_set_input_enabled
 .text.gpio_init
                0x0000000010000ba4       0x3c CMakeFiles/v3fkontroller.dir/home/alex/software/pico-sdk/src/rp2_common/hardware_gpio/gpio.c.obj
                0x0000000010000ba4                gpio_init
 .text.hw_claim_or_assert
                0x0000000010000be0       0x44 CMakeFiles/v3fkontroller.dir/home/alex/software/pico-sdk/src/rp2_common/hardware_claim/claim.c.obj
                0x0000000010000be0                hw_claim_or_assert
 .text.hw_claim_unused_from_range
                0x0000000010000c24       0x9c CMakeFiles/v3fkontroller.dir/home/alex/software/pico-sdk/src/rp2_common/hardware_claim/claim.c.obj
                0x0000000010000c24                hw_claim_unused_from_range
 .text.running_on_fpga
                0x0000000010000cc0       0x10 CMakeFiles/v3fkontroller.dir/home/alex/software/pico-sdk/src/rp2_common/pico_platform/platform.c.obj
                0x0000000010000cc0                running_on_fpga
 .text.spin_locks_reset
                0x0000000010000cd0       0x1c CMakeFiles/v3fkontroller.dir/home/alex/software/pico-sdk/src/rp2_common/hardware_sync/sync.c.obj
                0x0000000010000cd0                spin_locks_reset
 .text.next_striped_spin_lock_num
                0x0000000010000cec       0x18 CMakeFiles/v3fkontroller.dir/home/alex/software/pico-sdk/src/rp2_common/hardware_sync/sync.c.obj
                0x0000000010000cec                next_striped_spin_lock_num
 .text.spin_lock_claim_unused
                0x0000000010000d04       0x20 CMakeFiles/v3fkontroller.dir/home/alex/software/pico-sdk/src/rp2_common/hardware_sync/sync.c.obj
                0x0000000010000d04                spin_lock_claim_unused
 .text.irq_set_enabled
                0x0000000010000d24       0x24 CMakeFiles/v3fkontroller.dir/home/alex/software/pico-sdk/src/rp2_common/hardware_irq/irq.c.obj
                0x0000000010000d24                irq_set_enabled
 .text.irq_set_pending
                0x0000000010000d48       0x10 CMakeFiles/v3fkontroller.dir/home/alex/software/pico-sdk/src/rp2_common/hardware_irq/irq.c.obj
                0x0000000010000d48                irq_set_pending
 .text.irq_has_shared_handler
                0x0000000010000d58       0x2c CMakeFiles/v3fkontroller.dir/home/alex/software/pico-sdk/src/rp2_common/hardware_irq/irq.c.obj
                0x0000000010000d58                irq_has_shared_handler
 .text.irq_get_vtable_handler
                0x0000000010000d84       0x10 CMakeFiles/v3fkontroller.dir/home/alex/software/pico-sdk/src/rp2_common/hardware_irq/irq.c.obj
                0x0000000010000d84                irq_get_vtable_handler
 .text.irq_set_exclusive_handler
                0x0000000010000d94       0x54 CMakeFiles/v3fkontroller.dir/home/alex/software/pico-sdk/src/rp2_common/hardware_irq/irq.c.obj
                0x0000000010000d94                irq_set_exclusive_handler
 .text.irq_add_shared_handler
                0x0000000010000de8      0x1c8 CMakeFiles/v3fkontroller.dir/home/alex/software/pico-sdk/src/rp2_common/hardware_irq/irq.c.obj
                0x0000000010000de8                irq_add_shared_handler
 .text.irq_remove_handler
                0x0000000010000fb0      0x1b4 CMakeFiles/v3fkontroller.dir/home/alex/software/pico-sdk/src/rp2_common/hardware_irq/irq.c.obj
                0x0000000010000fb0                irq_remove_handler
 .text.irq_add_tail_to_free_list
                0x0000000010001164       0xb4 CMakeFiles/v3fkontroller.dir/home/alex/software/pico-sdk/src/rp2_common/hardware_irq/irq.c.obj
                0x0000000010001164                irq_add_tail_to_free_list
 .text.irq_init_priorities
                0x0000000010001218       0x24 CMakeFiles/v3fkontroller.dir/home/alex/software/pico-sdk/src/rp2_common/hardware_irq/irq.c.obj
                0x0000000010001218                irq_init_priorities
 .text.user_irq_claim_unused
                0x000000001000123c       0x30 CMakeFiles/v3fkontroller.dir/home/alex/software/pico-sdk/src/rp2_common/hardware_irq/irq.c.obj
                0x000000001000123c                user_irq_claim_unused
 .text.lock_init
                0x000000001000126c       0x10 CMakeFiles/v3fkontroller.dir/home/alex/software/pico-sdk/src/common/pico_sync/lock_core.c.obj
                0x000000001000126c                lock_init
 .text.timer_pool_entry_comparator
                0x000000001000127c       0x34 CMakeFiles/v3fkontroller.dir/home/alex/software/pico-sdk/src/common/pico_time/time.c.obj
                0x000000001000127c                timer_pool_entry_comparator
 .text.sleep_until_callback
                0x00000000100012b0       0x30 CMakeFiles/v3fkontroller.dir/home/alex/software/pico-sdk/src/common/pico_time/time.c.obj
 .text.add_alarm_under_lock
                0x00000000100012e0      0x114 CMakeFiles/v3fkontroller.dir/home/alex/software/pico-sdk/src/common/pico_time/time.c.obj
 .text.alarm_pool_alarm_callback
                0x00000000100013f4      0x1d0 CMakeFiles/v3fkontroller.dir/home/alex/software/pico-sdk/src/common/pico_time/time.c.obj
 .text.alarm_pool_init_default
                0x00000000100015c4       0x64 CMakeFiles/v3fkontroller.dir/home/alex/software/pico-sdk/src/common/pico_time/time.c.obj
                0x00000000100015c4                alarm_pool_init_default
 .text.alarm_pool_get_default
                0x0000000010001628        0x8 CMakeFiles/v3fkontroller.dir/home/alex/software/pico-sdk/src/common/pico_time/time.c.obj
                0x0000000010001628                alarm_pool_get_default
 .text.alarm_pool_add_alarm_at
                0x0000000010001630      0x19c CMakeFiles/v3fkontroller.dir/home/alex/software/pico-sdk/src/common/pico_time/time.c.obj
                0x0000000010001630                alarm_pool_add_alarm_at
 .text.alarm_pool_cancel_alarm
                0x00000000100017cc       0x70 CMakeFiles/v3fkontroller.dir/home/alex/software/pico-sdk/src/common/pico_time/time.c.obj
                0x00000000100017cc                alarm_pool_cancel_alarm
 .text.sleep_us
                0x000000001000183c       0xe8 CMakeFiles/v3fkontroller.dir/home/alex/software/pico-sdk/src/common/pico_time/time.c.obj
                0x000000001000183c                sleep_us
 .text.best_effort_wfe_or_timeout
                0x0000000010001924       0x58 CMakeFiles/v3fkontroller.dir/home/alex/software/pico-sdk/src/common/pico_time/time.c.obj
                0x0000000010001924                best_effort_wfe_or_timeout
 .text.hardware_alarm_irq_handler
                0x000000001000197c       0xb0 CMakeFiles/v3fkontroller.dir/home/alex/software/pico-sdk/src/rp2_common/hardware_timer/timer.c.obj
 .text.hardware_alarm_claim
                0x0000000010001a2c       0x18 CMakeFiles/v3fkontroller.dir/home/alex/software/pico-sdk/src/rp2_common/hardware_timer/timer.c.obj
                0x0000000010001a2c                hardware_alarm_claim
 .text.time_us_64
                0x0000000010001a44       0x18 CMakeFiles/v3fkontroller.dir/home/alex/software/pico-sdk/src/rp2_common/hardware_timer/timer.c.obj
                0x0000000010001a44                time_us_64
 .text.busy_wait_until
                0x0000000010001a5c       0x20 CMakeFiles/v3fkontroller.dir/home/alex/software/pico-sdk/src/rp2_common/hardware_timer/timer.c.obj
                0x0000000010001a5c                busy_wait_until
 .text.hardware_alarm_set_callback
                0x0000000010001a7c       0x8c CMakeFiles/v3fkontroller.dir/home/alex/software/pico-sdk/src/rp2_common/hardware_timer/timer.c.obj
                0x0000000010001a7c                hardware_alarm_set_callback
 .text.hardware_alarm_set_target
                0x0000000010001b08       0xe8 CMakeFiles/v3fkontroller.dir/home/alex/software/pico-sdk/src/rp2_common/hardware_timer/timer.c.obj
                0x0000000010001b08                hardware_alarm_set_target
 .text.hardware_alarm_cancel
                0x0000000010001bf0       0x40 CMakeFiles/v3fkontroller.dir/home/alex/software/pico-sdk/src/rp2_common/hardware_timer/timer.c.obj
                0x0000000010001bf0                hardware_alarm_cancel
 .text.ph_merge_nodes
                0x0000000010001c30       0x5c CMakeFiles/v3fkontroller.dir/home/alex/software/pico-sdk/src/common/pico_util/pheap.c.obj
 .text.ph_post_alloc_init
                0x0000000010001c8c      0x1b8 CMakeFiles/v3fkontroller.dir/home/alex/software/pico-sdk/src/common/pico_util/pheap.c.obj
                0x0000000010001c8c                ph_post_alloc_init
 .text.ph_merge_two_pass
                0x0000000010001e44       0x4c CMakeFiles/v3fkontroller.dir/home/alex/software/pico-sdk/src/common/pico_util/pheap.c.obj
                0x0000000010001e44                ph_merge_two_pass
 .text.ph_remove_any_head
                0x0000000010001e90      0x1b8 CMakeFiles/v3fkontroller.dir/home/alex/software/pico-sdk/src/common/pico_util/pheap.c.obj
 .text.ph_remove_head
                0x0000000010002048      0x1bc CMakeFiles/v3fkontroller.dir/home/alex/software/pico-sdk/src/common/pico_util/pheap.c.obj
                0x0000000010002048                ph_remove_head
 .text.ph_remove_and_free_node
                0x0000000010002204       0x7c CMakeFiles/v3fkontroller.dir/home/alex/software/pico-sdk/src/common/pico_util/pheap.c.obj
                0x0000000010002204                ph_remove_and_free_node
 .text.mutex_init
                0x0000000010002280       0x1c CMakeFiles/v3fkontroller.dir/home/alex/software/pico-sdk/src/common/pico_sync/mutex.c.obj
                0x0000000010002280                mutex_init
 .text.recursive_mutex_init
                0x000000001000229c       0x1c CMakeFiles/v3fkontroller.dir/home/alex/software/pico-sdk/src/common/pico_sync/mutex.c.obj
                0x000000001000229c                recursive_mutex_init
 .text.critical_section_init
                0x00000000100022b8       0x20 CMakeFiles/v3fkontroller.dir/home/alex/software/pico-sdk/src/common/pico_sync/critical_section.c.obj
                0x00000000100022b8                critical_section_init
 .text.runtime_init
                0x00000000100022d8       0xf4 CMakeFiles/v3fkontroller.dir/home/alex/software/pico-sdk/src/rp2_common/pico_runtime/runtime.c.obj
                0x00000000100022d8                runtime_init
 .text.exit     0x00000000100023cc        0x4 CMakeFiles/v3fkontroller.dir/home/alex/software/pico-sdk/src/rp2_common/pico_runtime/runtime.c.obj
                0x00000000100023cc                exit
 .text.panic    0x00000000100023d0       0x30 CMakeFiles/v3fkontroller.dir/home/alex/software/pico-sdk/src/rp2_common/pico_runtime/runtime.c.obj
                0x00000000100023d0                panic
 .text.hard_assertion_failure
                0x0000000010002400        0xc CMakeFiles/v3fkontroller.dir/home/alex/software/pico-sdk/src/rp2_common/pico_runtime/runtime.c.obj
                0x0000000010002400                hard_assertion_failure
 .text.clocks_init
                0x000000001000240c      0x2c0 CMakeFiles/v3fkontroller.dir/home/alex/software/pico-sdk/src/rp2_common/hardware_clocks/clocks.c.obj
                0x000000001000240c                clocks_init
 .text.pll_init
                0x00000000100026cc       0xa8 CMakeFiles/v3fkontroller.dir/home/alex/software/pico-sdk/src/rp2_common/hardware_pll/pll.c.obj
                0x00000000100026cc                pll_init
 .text.watchdog_start_tick
                0x0000000010002774       0x10 CMakeFiles/v3fkontroller.dir/home/alex/software/pico-sdk/src/rp2_common/hardware_watchdog/watchdog.c.obj
                0x0000000010002774                watchdog_start_tick
 .text.watchdog_reboot
                0x0000000010002784       0x98 CMakeFiles/v3fkontroller.dir/home/alex/software/pico-sdk/src/rp2_common/hardware_watchdog/watchdog.c.obj
                0x0000000010002784                watchdog_reboot
 .text.xosc_init
                0x000000001000281c       0x28 CMakeFiles/v3fkontroller.dir/home/alex/software/pico-sdk/src/rp2_common/hardware_xosc/xosc.c.obj
                0x000000001000281c                xosc_init
 .text._out_null
                0x0000000010002844        0x4 CMakeFiles/v3fkontroller.dir/home/alex/software/pico-sdk/src/rp2_common/pico_printf/printf.c.obj
 .text._out_rev
                0x0000000010002848       0x9c CMakeFiles/v3fkontroller.dir/home/alex/software/pico-sdk/src/rp2_common/pico_printf/printf.c.obj
 .text._ntoa_format
                0x00000000100028e4      0x1c8 CMakeFiles/v3fkontroller.dir/home/alex/software/pico-sdk/src/rp2_common/pico_printf/printf.c.obj
 .text._out_char
                0x0000000010002aac       0x10 CMakeFiles/v3fkontroller.dir/home/alex/software/pico-sdk/src/rp2_common/pico_printf/printf.c.obj
 .text._out_fct
                0x0000000010002abc       0x10 CMakeFiles/v3fkontroller.dir/home/alex/software/pico-sdk/src/rp2_common/pico_printf/printf.c.obj
 .text._etoa    0x0000000010002acc      0x45c CMakeFiles/v3fkontroller.dir/home/alex/software/pico-sdk/src/rp2_common/pico_printf/printf.c.obj
 .text._ftoa    0x0000000010002f28      0x4c0 CMakeFiles/v3fkontroller.dir/home/alex/software/pico-sdk/src/rp2_common/pico_printf/printf.c.obj
 .text._vsnprintf
                0x00000000100033e8      0xad0 CMakeFiles/v3fkontroller.dir/home/alex/software/pico-sdk/src/rp2_common/pico_printf/printf.c.obj
 .text.vfctprintf
                0x0000000010003eb8       0x20 CMakeFiles/v3fkontroller.dir/home/alex/software/pico-sdk/src/rp2_common/pico_printf/printf.c.obj
                0x0000000010003eb8                vfctprintf
 .text.weak_raw_vprintf
                0x0000000010003ed8       0x30 CMakeFiles/v3fkontroller.dir/home/alex/software/pico-sdk/src/rp2_common/pico_printf/printf.c.obj
                0x0000000010003ed8                weak_raw_vprintf
 .text          0x0000000010003f08       0x10 CMakeFiles/v3fkontroller.dir/home/alex/software/pico-sdk/src/rp2_common/pico_bit_ops/bit_ops_aeabi.S.obj
 .text.rom_func_lookup
                0x0000000010003f18       0x10 CMakeFiles/v3fkontroller.dir/home/alex/software/pico-sdk/src/rp2_common/pico_bootrom/bootrom.c.obj
                0x0000000010003f18                rom_func_lookup
 .text.rom_data_lookup
                0x0000000010003f28       0x10 CMakeFiles/v3fkontroller.dir/home/alex/software/pico-sdk/src/rp2_common/pico_bootrom/bootrom.c.obj
                0x0000000010003f28                rom_data_lookup
 .text.rom_funcs_lookup
                0x0000000010003f38       0x3c CMakeFiles/v3fkontroller.dir/home/alex/software/pico-sdk/src/rp2_common/pico_bootrom/bootrom.c.obj
                0x0000000010003f38                rom_funcs_lookup
 .text.__wrap___aeabi_idiv
                0x0000000010003f74       0x50 CMakeFiles/v3fkontroller.dir/home/alex/software/pico-sdk/src/rp2_common/pico_divider/divider.S.obj
                0x0000000010003f74                __wrap___aeabi_idivmod
                0x0000000010003f74                divmod_s32s32
                0x0000000010003f74                div_s32s32
                0x0000000010003f74                __wrap___aeabi_idiv
                0x0000000010003f7c                divmod_s32s32_unsafe
                0x0000000010003fa8                divmod_s32s32_savestate
 .text.__wrap___aeabi_uidiv
                0x0000000010003fc4       0x4c CMakeFiles/v3fkontroller.dir/home/alex/software/pico-sdk/src/rp2_common/pico_divider/divider.S.obj
                0x0000000010003fc4                __wrap___aeabi_uidiv
                0x0000000010003fc4                __wrap___aeabi_uidivmod
                0x0000000010003fc4                div_u32u32
                0x0000000010003fc4                divmod_u32u32
                0x0000000010003fcc                divmod_u32u32_unsafe
                0x0000000010003ff4                divmod_u32u32_savestate
 .text.__wrap___aeabi_ldiv
                0x0000000010004010      0x434 CMakeFiles/v3fkontroller.dir/home/alex/software/pico-sdk/src/rp2_common/pico_divider/divider.S.obj
                0x0000000010004010                div_s64s64
                0x0000000010004010                divmod_s64s64
                0x0000000010004010                __wrap___aeabi_ldivmod
                0x0000000010004048                div_u64u64
                0x0000000010004048                divmod_u64u64
                0x0000000010004048                __wrap___aeabi_uldivmod
                0x0000000010004058                divmod_u64u64_savestate
                0x0000000010004080                divmod_s64s64_unsafe
                0x0000000010004108                divmod_u64u64_unsafe
 .text.__wrap___aeabi_darithmetic
                0x0000000010004444       0x80 CMakeFiles/v3fkontroller.dir/home/alex/software/pico-sdk/src/rp2_common/pico_double/double_aeabi.S.obj
                0x0000000010004444                __wrap___aeabi_drsub
                0x000000001000444a                __wrap___aeabi_dsub
                0x000000001000445c                __wrap___aeabi_dadd
                0x000000001000446e                __wrap___aeabi_ddiv
                0x00000000100044aa                __wrap___aeabi_dmul
 .text.__wrap___aeabi_cdcmple
                0x00000000100044c4       0x6c CMakeFiles/v3fkontroller.dir/home/alex/software/pico-sdk/src/rp2_common/pico_double/double_aeabi.S.obj
                0x00000000100044c4                __wrap___aeabi_cdrcmple
                0x00000000100044d4                __wrap___aeabi_cdcmple
                0x00000000100044d4                __wrap___aeabi_cdcmpeq
 .text.__wrap___aeabi_dcmpeq
                0x0000000010004530       0x10 CMakeFiles/v3fkontroller.dir/home/alex/software/pico-sdk/src/rp2_common/pico_double/double_aeabi.S.obj
                0x0000000010004530                __wrap___aeabi_dcmpeq
 .text.__wrap___aeabi_dcmplt
                0x0000000010004540        0xc CMakeFiles/v3fkontroller.dir/home/alex/software/pico-sdk/src/rp2_common/pico_double/double_aeabi.S.obj
                0x0000000010004540                __wrap___aeabi_dcmplt
 .text.__wrap___aeabi_dcmpge
                0x000000001000454c       0x10 CMakeFiles/v3fkontroller.dir/home/alex/software/pico-sdk/src/rp2_common/pico_double/double_aeabi.S.obj
                0x000000001000454c                __wrap___aeabi_dcmpge
 .text.__wrap___aeabi_dcmpgt
                0x000000001000455c        0xa CMakeFiles/v3fkontroller.dir/home/alex/software/pico-sdk/src/rp2_common/pico_double/double_aeabi.S.obj
                0x000000001000455c                __wrap___aeabi_dcmpgt
 .text.__wrap___aeabi_dcmpun
                0x0000000010004566       0x1c CMakeFiles/v3fkontroller.dir/home/alex/software/pico-sdk/src/rp2_common/pico_double/double_aeabi.S.obj
                0x0000000010004566                __wrap___aeabi_dcmpun
 *fill*         0x0000000010004582        0x2 
 .text.__wrap___aeabi_i2d
                0x0000000010004584       0x38 CMakeFiles/v3fkontroller.dir/home/alex/software/pico-sdk/src/rp2_common/pico_double/double_aeabi.S.obj
                0x0000000010004584                __wrap___aeabi_ui2d
                0x000000001000458c                __wrap___aeabi_i2d
 .text.__wrap___aeabi_d2iz
                0x00000000100045bc       0x48 CMakeFiles/v3fkontroller.dir/home/alex/software/pico-sdk/src/rp2_common/pico_double/double_aeabi.S.obj
                0x00000000100045bc                __wrap___aeabi_d2iz
                0x00000000100045bc                double2int_z
 .text.__wrap___aeabi_d2uiz
                0x0000000010004604       0x18 CMakeFiles/v3fkontroller.dir/home/alex/software/pico-sdk/src/rp2_common/pico_double/double_aeabi.S.obj
                0x0000000010004604                double2uint
                0x0000000010004604                __wrap___aeabi_d2uiz
 .text.__wrap___aeabi_ul2d
                0x000000001000461c       0x18 CMakeFiles/v3fkontroller.dir/home/alex/software/pico-sdk/src/rp2_common/pico_double/double_aeabi.S.obj
                0x000000001000461c                __wrap___aeabi_ul2d
 .text.__wrap___aeabi_d2ulz
                0x0000000010004634       0x18 CMakeFiles/v3fkontroller.dir/home/alex/software/pico-sdk/src/rp2_common/pico_double/double_aeabi.S.obj
                0x0000000010004634                __wrap___aeabi_d2ulz
 .text.__aeabi_double_init
                0x000000001000464c       0xbc CMakeFiles/v3fkontroller.dir/home/alex/software/pico-sdk/src/rp2_common/pico_double/double_init_rom.c.obj
                0x000000001000464c                __aeabi_double_init
 .text.double_table_shim_on_use_helper
                0x0000000010004708       0x2c CMakeFiles/v3fkontroller.dir/home/alex/software/pico-sdk/src/rp2_common/pico_double/double_v1_rom_shim.S.obj
                0x0000000010004708                double_table_shim_on_use_helper
 .text.__wrap___aeabi_dsub
                0x0000000010004734       0x10 CMakeFiles/v3fkontroller.dir/home/alex/software/pico-sdk/src/rp2_common/pico_double/double_v1_rom_shim.S.obj
                0x0000000010004734                drsub_shim
                0x000000001000473a                dsub_shim
 .text.dadd_shim
                0x0000000010004744      0x15c CMakeFiles/v3fkontroller.dir/home/alex/software/pico-sdk/src/rp2_common/pico_double/double_v1_rom_shim.S.obj
                0x0000000010004744                dadd_shim
 .text.dmul_shim
                0x00000000100048a0      0x15c CMakeFiles/v3fkontroller.dir/home/alex/software/pico-sdk/src/rp2_common/pico_double/double_v1_rom_shim.S.obj
                0x00000000100048a0                dmul_shim
 .text.ddiv_shim
                0x00000000100049fc      0x1b0 CMakeFiles/v3fkontroller.dir/home/alex/software/pico-sdk/src/rp2_common/pico_double/double_v1_rom_shim.S.obj
                0x00000000100049fc                ddiv_shim
 .text.double2uint_shim
                0x0000000010004bac        0xe CMakeFiles/v3fkontroller.dir/home/alex/software/pico-sdk/src/rp2_common/pico_double/double_v1_rom_shim.S.obj
                0x0000000010004bac                double2uint_shim
                0x0000000010004bae                double2ufix_shim
 *fill*         0x0000000010004bba        0x2 
 .text.double2uint64_shim
                0x0000000010004bbc       0x70 CMakeFiles/v3fkontroller.dir/home/alex/software/pico-sdk/src/rp2_common/pico_double/double_v1_rom_shim.S.obj
                0x0000000010004bbc                double2uint64_shim
                0x0000000010004bbe                double2ufix64_shim
                0x0000000010004bde                d2fix_a
 .text.x2double_shims
                0x0000000010004c2c       0x90 CMakeFiles/v3fkontroller.dir/home/alex/software/pico-sdk/src/rp2_common/pico_double/double_v1_rom_shim.S.obj
                0x0000000010004c2c                uint2double_shim
                0x0000000010004c2e                ufix2double_shim
                0x0000000010004c34                int2double_shim
                0x0000000010004c36                fix2double_shim
                0x0000000010004c3c                uint642double_shim
                0x0000000010004c3e                ufix642double_shim
                0x0000000010004c44                int642double_shim
                0x0000000010004c46                fix642double_shim
 .text.dunpacks
                0x0000000010004cbc       0x3c CMakeFiles/v3fkontroller.dir/home/alex/software/pico-sdk/src/rp2_common/pico_double/double_v1_rom_shim.S.obj
                0x0000000010004cbc                dunpacks
 .text.__aeabi_lmul
                0x0000000010004cf8       0x32 CMakeFiles/v3fkontroller.dir/home/alex/software/pico-sdk/src/rp2_common/pico_int64_ops/pico_int64_ops_aeabi.S.obj
                0x0000000010004cf8                __wrap___aeabi_lmul
 *fill*         0x0000000010004d2a        0x2 
 .text.__aeabi_float_init
                0x0000000010004d2c       0x68 CMakeFiles/v3fkontroller.dir/home/alex/software/pico-sdk/src/rp2_common/pico_float/float_init_rom.c.obj
                0x0000000010004d2c                __aeabi_float_init
 .text.float_table_shim_on_use_helper
                0x0000000010004d94       0x2c CMakeFiles/v3fkontroller.dir/home/alex/software/pico-sdk/src/rp2_common/pico_float/float_v1_rom_shim.S.obj
                0x0000000010004d94                float_table_shim_on_use_helper
 .text          0x0000000010004dc0       0x10 CMakeFiles/v3fkontroller.dir/home/alex/software/pico-sdk/src/rp2_common/pico_mem_ops/mem_ops_aeabi.S.obj
                0x0000000010004dc0                __aeabi_mem_init
 .text.memset   0x0000000010004dd0        0xc CMakeFiles/v3fkontroller.dir/home/alex/software/pico-sdk/src/rp2_common/pico_mem_ops/mem_ops_aeabi.S.obj
                0x0000000010004dd0                __wrap_memset
 .text.memcpy   0x0000000010004ddc        0xc CMakeFiles/v3fkontroller.dir/home/alex/software/pico-sdk/src/rp2_common/pico_mem_ops/mem_ops_aeabi.S.obj
                0x0000000010004ddc                __wrap___aeabi_memcpy
                0x0000000010004ddc                __wrap_memcpy
 .text.stdio_out_chars_no_crlf
                0x0000000010004de8       0x10 CMakeFiles/v3fkontroller.dir/home/alex/software/pico-sdk/src/rp2_common/pico_stdio/stdio.c.obj
 .text.stdio_out_chars_crlf
                0x0000000010004df8       0xac CMakeFiles/v3fkontroller.dir/home/alex/software/pico-sdk/src/rp2_common/pico_stdio/stdio.c.obj
 .text.stdio_stack_buffer_flush.part.1
                0x0000000010004ea4       0xe8 CMakeFiles/v3fkontroller.dir/home/alex/software/pico-sdk/src/rp2_common/pico_stdio/stdio.c.obj
 .text.stdio_buffered_printer
                0x0000000010004f8c       0x20 CMakeFiles/v3fkontroller.dir/home/alex/software/pico-sdk/src/rp2_common/pico_stdio/stdio.c.obj
 .text.stdio_put_string
                0x0000000010004fac       0xf8 CMakeFiles/v3fkontroller.dir/home/alex/software/pico-sdk/src/rp2_common/pico_stdio/stdio.c.obj
 .text.__wrap_putchar
                0x00000000100050a4       0xa4 CMakeFiles/v3fkontroller.dir/home/alex/software/pico-sdk/src/rp2_common/pico_stdio/stdio.c.obj
                0x00000000100050a4                __wrap_putchar
 .text.__wrap_puts
                0x0000000010005148       0x3c CMakeFiles/v3fkontroller.dir/home/alex/software/pico-sdk/src/rp2_common/pico_stdio/stdio.c.obj
                0x0000000010005148                __wrap_puts
 .text.stdio_set_driver_enabled
                0x0000000010005184       0x30 CMakeFiles/v3fkontroller.dir/home/alex/software/pico-sdk/src/rp2_common/pico_stdio/stdio.c.obj
                0x0000000010005184                stdio_set_driver_enabled
 .text.__wrap_vprintf
                0x00000000100051b4       0x98 CMakeFiles/v3fkontroller.dir/home/alex/software/pico-sdk/src/rp2_common/pico_stdio/stdio.c.obj
                0x00000000100051b4                __wrap_vprintf
 .text.__wrap_printf
                0x000000001000524c       0x18 CMakeFiles/v3fkontroller.dir/home/alex/software/pico-sdk/src/rp2_common/pico_stdio/stdio.c.obj
                0x000000001000524c                __wrap_printf
 .text.stdio_init_all
                0x0000000010005264        0x8 CMakeFiles/v3fkontroller.dir/home/alex/software/pico-sdk/src/rp2_common/pico_stdio/stdio.c.obj
                0x0000000010005264                stdio_init_all
 .text.resetd_init
                0x000000001000526c        0x4 CMakeFiles/v3fkontroller.dir/home/alex/software/pico-sdk/src/rp2_common/pico_stdio_usb/reset_interface.c.obj
 .text.resetd_reset
                0x0000000010005270        0xc CMakeFiles/v3fkontroller.dir/home/alex/software/pico-sdk/src/rp2_common/pico_stdio_usb/reset_interface.c.obj
 .text.resetd_open
                0x000000001000527c       0x28 CMakeFiles/v3fkontroller.dir/home/alex/software/pico-sdk/src/rp2_common/pico_stdio_usb/reset_interface.c.obj
 .text.resetd_xfer_cb
                0x00000000100052a4        0x4 CMakeFiles/v3fkontroller.dir/home/alex/software/pico-sdk/src/rp2_common/pico_stdio_usb/reset_interface.c.obj
 .text.resetd_control_xfer_cb
                0x00000000100052a8       0x64 CMakeFiles/v3fkontroller.dir/home/alex/software/pico-sdk/src/rp2_common/pico_stdio_usb/reset_interface.c.obj
 .text.usbd_app_driver_get_cb
                0x000000001000530c        0xc CMakeFiles/v3fkontroller.dir/home/alex/software/pico-sdk/src/rp2_common/pico_stdio_usb/reset_interface.c.obj
                0x000000001000530c                usbd_app_driver_get_cb
 .text.tud_cdc_line_coding_cb
                0x0000000010005318       0x34 CMakeFiles/v3fkontroller.dir/home/alex/software/pico-sdk/src/rp2_common/pico_stdio_usb/reset_interface.c.obj
                0x0000000010005318                tud_cdc_line_coding_cb
 .text.stdio_usb_in_chars
                0x000000001000534c       0x68 CMakeFiles/v3fkontroller.dir/home/alex/software/pico-sdk/src/rp2_common/pico_stdio_usb/stdio_usb.c.obj
                0x000000001000534c                stdio_usb_in_chars
 .text.stdio_usb_out_chars
                0x00000000100053b4       0xf0 CMakeFiles/v3fkontroller.dir/home/alex/software/pico-sdk/src/rp2_common/pico_stdio_usb/stdio_usb.c.obj
 .text.timer_task
                0x00000000100054a4       0x18 CMakeFiles/v3fkontroller.dir/home/alex/software/pico-sdk/src/rp2_common/pico_stdio_usb/stdio_usb.c.obj
 .text.usb_irq  0x00000000100054bc       0x10 CMakeFiles/v3fkontroller.dir/home/alex/software/pico-sdk/src/rp2_common/pico_stdio_usb/stdio_usb.c.obj
 .text.low_priority_worker_irq
                0x00000000100054cc       0x24 CMakeFiles/v3fkontroller.dir/home/alex/software/pico-sdk/src/rp2_common/pico_stdio_usb/stdio_usb.c.obj
 .text.stdio_usb_init
                0x00000000100054f0       0xac CMakeFiles/v3fkontroller.dir/home/alex/software/pico-sdk/src/rp2_common/pico_stdio_usb/stdio_usb.c.obj
                0x00000000100054f0                stdio_usb_init
 .text.tud_descriptor_device_cb
                0x000000001000559c        0x8 CMakeFiles/v3fkontroller.dir/home/alex/software/pico-sdk/src/rp2_common/pico_stdio_usb/stdio_usb_descriptors.c.obj
                0x000000001000559c                tud_descriptor_device_cb
 .text.tud_descriptor_configuration_cb
                0x00000000100055a4        0x8 CMakeFiles/v3fkontroller.dir/home/alex/software/pico-sdk/src/rp2_common/pico_stdio_usb/stdio_usb_descriptors.c.obj
                0x00000000100055a4                tud_descriptor_configuration_cb
 .text.tud_descriptor_string_cb
                0x00000000100055ac       0x70 CMakeFiles/v3fkontroller.dir/home/alex/software/pico-sdk/src/rp2_common/pico_stdio_usb/stdio_usb_descriptors.c.obj
                0x00000000100055ac                tud_descriptor_string_cb
 .text.dcd_rp2040_irq
                0x000000001000561c      0x21c CMakeFiles/v3fkontroller.dir/home/alex/software/pico-sdk/lib/tinyusb/src/portable/raspberrypi/rp2040/dcd_rp2040.c.obj
 .text.dcd_int_enable
                0x0000000010005838        0xc CMakeFiles/v3fkontroller.dir/home/alex/software/pico-sdk/lib/tinyusb/src/portable/raspberrypi/rp2040/dcd_rp2040.c.obj
                0x0000000010005838                dcd_int_enable
 .text.dcd_set_address
                0x0000000010005844       0x14 CMakeFiles/v3fkontroller.dir/home/alex/software/pico-sdk/lib/tinyusb/src/portable/raspberrypi/rp2040/dcd_rp2040.c.obj
                0x0000000010005844                dcd_set_address
 .text.dcd_connect
                0x0000000010005858       0x10 CMakeFiles/v3fkontroller.dir/home/alex/software/pico-sdk/lib/tinyusb/src/portable/raspberrypi/rp2040/dcd_rp2040.c.obj
                0x0000000010005858                dcd_connect
 .text.dcd_init
                0x0000000010005868      0x144 CMakeFiles/v3fkontroller.dir/home/alex/software/pico-sdk/lib/tinyusb/src/portable/raspberrypi/rp2040/dcd_rp2040.c.obj
                0x0000000010005868                dcd_init
 .text.dcd_edpt0_status_complete
                0x00000000100059ac       0x1c CMakeFiles/v3fkontroller.dir/home/alex/software/pico-sdk/lib/tinyusb/src/portable/raspberrypi/rp2040/dcd_rp2040.c.obj
                0x00000000100059ac                dcd_edpt0_status_complete
 .text.dcd_edpt_open
                0x00000000100059c8       0xe4 CMakeFiles/v3fkontroller.dir/home/alex/software/pico-sdk/lib/tinyusb/src/portable/raspberrypi/rp2040/dcd_rp2040.c.obj
                0x00000000100059c8                dcd_edpt_open
 .text.dcd_edpt_close_all
                0x0000000010005aac       0xbc CMakeFiles/v3fkontroller.dir/home/alex/software/pico-sdk/lib/tinyusb/src/portable/raspberrypi/rp2040/dcd_rp2040.c.obj
                0x0000000010005aac                dcd_edpt_close_all
 .text.dcd_edpt_xfer
                0x0000000010005b68       0x24 CMakeFiles/v3fkontroller.dir/home/alex/software/pico-sdk/lib/tinyusb/src/portable/raspberrypi/rp2040/dcd_rp2040.c.obj
                0x0000000010005b68                dcd_edpt_xfer
 .text.dcd_edpt_stall
                0x0000000010005b8c       0x34 CMakeFiles/v3fkontroller.dir/home/alex/software/pico-sdk/lib/tinyusb/src/portable/raspberrypi/rp2040/dcd_rp2040.c.obj
                0x0000000010005b8c                dcd_edpt_stall
 .text.dcd_edpt_clear_stall
                0x0000000010005bc0       0x2c CMakeFiles/v3fkontroller.dir/home/alex/software/pico-sdk/lib/tinyusb/src/portable/raspberrypi/rp2040/dcd_rp2040.c.obj
                0x0000000010005bc0                dcd_edpt_clear_stall
 .text._hw_endpoint_buffer_control_update32.part.2
                0x0000000010005bec       0x20 CMakeFiles/v3fkontroller.dir/home/alex/software/pico-sdk/lib/tinyusb/src/portable/raspberrypi/rp2040/rp2040_usb.c.obj
 .text.rp2040_usb_init
                0x0000000010005c0c       0x4c CMakeFiles/v3fkontroller.dir/home/alex/software/pico-sdk/lib/tinyusb/src/portable/raspberrypi/rp2040/rp2040_usb.c.obj
                0x0000000010005c0c                rp2040_usb_init
 .text.hw_endpoint_reset_transfer
                0x0000000010005c58        0xc CMakeFiles/v3fkontroller.dir/home/alex/software/pico-sdk/lib/tinyusb/src/portable/raspberrypi/rp2040/rp2040_usb.c.obj
                0x0000000010005c58                hw_endpoint_reset_transfer
 .text._hw_endpoint_buffer_control_update32
                0x0000000010005c64       0x40 CMakeFiles/v3fkontroller.dir/home/alex/software/pico-sdk/lib/tinyusb/src/portable/raspberrypi/rp2040/rp2040_usb.c.obj
                0x0000000010005c64                _hw_endpoint_buffer_control_update32
 .text.hw_endpoint_xfer_start
                0x0000000010005ca4      0x138 CMakeFiles/v3fkontroller.dir/home/alex/software/pico-sdk/lib/tinyusb/src/portable/raspberrypi/rp2040/rp2040_usb.c.obj
                0x0000000010005ca4                hw_endpoint_xfer_start
 .text.hw_endpoint_xfer_continue
                0x0000000010005ddc      0x1e0 CMakeFiles/v3fkontroller.dir/home/alex/software/pico-sdk/lib/tinyusb/src/portable/raspberrypi/rp2040/rp2040_usb.c.obj
                0x0000000010005ddc                hw_endpoint_xfer_continue
 .text.tud_mounted
                0x0000000010005fbc       0x10 CMakeFiles/v3fkontroller.dir/home/alex/software/pico-sdk/lib/tinyusb/src/device/usbd.c.obj
                0x0000000010005fbc                tud_mounted
 .text.tud_suspended
                0x0000000010005fcc       0x10 CMakeFiles/v3fkontroller.dir/home/alex/software/pico-sdk/lib/tinyusb/src/device/usbd.c.obj
                0x0000000010005fcc                tud_suspended
 .text.tud_inited
                0x0000000010005fdc        0xc CMakeFiles/v3fkontroller.dir/home/alex/software/pico-sdk/lib/tinyusb/src/device/usbd.c.obj
                0x0000000010005fdc                tud_inited
 .text.tud_init
                0x0000000010005fe8       0xd4 CMakeFiles/v3fkontroller.dir/home/alex/software/pico-sdk/lib/tinyusb/src/device/usbd.c.obj
                0x0000000010005fe8                tud_init
 .text.tud_task
                0x00000000100060bc      0x928 CMakeFiles/v3fkontroller.dir/home/alex/software/pico-sdk/lib/tinyusb/src/device/usbd.c.obj
                0x00000000100060bc                tud_task
 .text.dcd_event_bus_signal
                0x00000000100069e4      0x124 CMakeFiles/v3fkontroller.dir/home/alex/software/pico-sdk/lib/tinyusb/src/device/usbd.c.obj
                0x00000000100069e4                dcd_event_bus_signal
 .text.dcd_event_bus_reset
                0x0000000010006b08       0x58 CMakeFiles/v3fkontroller.dir/home/alex/software/pico-sdk/lib/tinyusb/src/device/usbd.c.obj
                0x0000000010006b08                dcd_event_bus_reset
 .text.dcd_event_setup_received
                0x0000000010006b60       0x50 CMakeFiles/v3fkontroller.dir/home/alex/software/pico-sdk/lib/tinyusb/src/device/usbd.c.obj
                0x0000000010006b60                dcd_event_setup_received
 .text.dcd_event_xfer_complete
                0x0000000010006bb0       0x68 CMakeFiles/v3fkontroller.dir/home/alex/software/pico-sdk/lib/tinyusb/src/device/usbd.c.obj
                0x0000000010006bb0                dcd_event_xfer_complete
 .text.usbd_open_edpt_pair
                0x0000000010006c18       0x9c CMakeFiles/v3fkontroller.dir/home/alex/software/pico-sdk/lib/tinyusb/src/device/usbd.c.obj
                0x0000000010006c18                usbd_open_edpt_pair
 .text.usbd_edpt_open
                0x0000000010006cb4       0x30 CMakeFiles/v3fkontroller.dir/home/alex/software/pico-sdk/lib/tinyusb/src/device/usbd.c.obj
                0x0000000010006cb4                usbd_edpt_open
 .text.usbd_edpt_claim
                0x0000000010006ce4       0x60 CMakeFiles/v3fkontroller.dir/home/alex/software/pico-sdk/lib/tinyusb/src/device/usbd.c.obj
                0x0000000010006ce4                usbd_edpt_claim
 .text.usbd_edpt_release
                0x0000000010006d44       0x4c CMakeFiles/v3fkontroller.dir/home/alex/software/pico-sdk/lib/tinyusb/src/device/usbd.c.obj
                0x0000000010006d44                usbd_edpt_release
 .text.usbd_edpt_xfer
                0x0000000010006d90       0x48 CMakeFiles/v3fkontroller.dir/home/alex/software/pico-sdk/lib/tinyusb/src/device/usbd.c.obj
                0x0000000010006d90                usbd_edpt_xfer
 .text.tud_control_status
                0x0000000010006dd8       0x30 CMakeFiles/v3fkontroller.dir/home/alex/software/pico-sdk/lib/tinyusb/src/device/usbd_control.c.obj
                0x0000000010006dd8                tud_control_status
 .text.tud_control_xfer
                0x0000000010006e08       0xb4 CMakeFiles/v3fkontroller.dir/home/alex/software/pico-sdk/lib/tinyusb/src/device/usbd_control.c.obj
                0x0000000010006e08                tud_control_xfer
 .text.usbd_control_reset
                0x0000000010006ebc       0x14 CMakeFiles/v3fkontroller.dir/home/alex/software/pico-sdk/lib/tinyusb/src/device/usbd_control.c.obj
                0x0000000010006ebc                usbd_control_reset
 .text.usbd_control_set_complete_callback
                0x0000000010006ed0        0xc CMakeFiles/v3fkontroller.dir/home/alex/software/pico-sdk/lib/tinyusb/src/device/usbd_control.c.obj
                0x0000000010006ed0                usbd_control_set_complete_callback
 .text.usbd_control_set_request
                0x0000000010006edc       0x1c CMakeFiles/v3fkontroller.dir/home/alex/software/pico-sdk/lib/tinyusb/src/device/usbd_control.c.obj
                0x0000000010006edc                usbd_control_set_request
 .text.usbd_control_xfer_cb
                0x0000000010006ef8       0xfc CMakeFiles/v3fkontroller.dir/home/alex/software/pico-sdk/lib/tinyusb/src/device/usbd_control.c.obj
                0x0000000010006ef8                usbd_control_xfer_cb
 .text.tud_cdc_n_connected
                0x0000000010006ff4       0x30 CMakeFiles/v3fkontroller.dir/home/alex/software/pico-sdk/lib/tinyusb/src/class/cdc/cdc_device.c.obj
                0x0000000010006ff4                tud_cdc_n_connected
 .text.tud_cdc_n_available
                0x0000000010007024       0x18 CMakeFiles/v3fkontroller.dir/home/alex/software/pico-sdk/lib/tinyusb/src/class/cdc/cdc_device.c.obj
                0x0000000010007024                tud_cdc_n_available
 .text.tud_cdc_n_read
                0x000000001000703c       0x70 CMakeFiles/v3fkontroller.dir/home/alex/software/pico-sdk/lib/tinyusb/src/class/cdc/cdc_device.c.obj
                0x000000001000703c                tud_cdc_n_read
 .text.tud_cdc_n_write_flush
                0x00000000100070ac       0x78 CMakeFiles/v3fkontroller.dir/home/alex/software/pico-sdk/lib/tinyusb/src/class/cdc/cdc_device.c.obj
                0x00000000100070ac                tud_cdc_n_write_flush
 .text.tud_cdc_n_write
                0x0000000010007124       0x34 CMakeFiles/v3fkontroller.dir/home/alex/software/pico-sdk/lib/tinyusb/src/class/cdc/cdc_device.c.obj
                0x0000000010007124                tud_cdc_n_write
 .text.tud_cdc_n_write_available
                0x0000000010007158       0x18 CMakeFiles/v3fkontroller.dir/home/alex/software/pico-sdk/lib/tinyusb/src/class/cdc/cdc_device.c.obj
                0x0000000010007158                tud_cdc_n_write_available
 .text.cdcd_init
                0x0000000010007170       0x7c CMakeFiles/v3fkontroller.dir/home/alex/software/pico-sdk/lib/tinyusb/src/class/cdc/cdc_device.c.obj
                0x0000000010007170                cdcd_init
 .text.cdcd_reset
                0x00000000100071ec       0x2c CMakeFiles/v3fkontroller.dir/home/alex/software/pico-sdk/lib/tinyusb/src/class/cdc/cdc_device.c.obj
                0x00000000100071ec                cdcd_reset
 .text.cdcd_open
                0x0000000010007218       0xe4 CMakeFiles/v3fkontroller.dir/home/alex/software/pico-sdk/lib/tinyusb/src/class/cdc/cdc_device.c.obj
                0x0000000010007218                cdcd_open
 .text.cdcd_control_xfer_cb
                0x00000000100072fc       0xdc CMakeFiles/v3fkontroller.dir/home/alex/software/pico-sdk/lib/tinyusb/src/class/cdc/cdc_device.c.obj
                0x00000000100072fc                cdcd_control_xfer_cb
 .text.cdcd_xfer_cb
                0x00000000100073d8      0x19c CMakeFiles/v3fkontroller.dir/home/alex/software/pico-sdk/lib/tinyusb/src/class/cdc/cdc_device.c.obj
                0x00000000100073d8                cdcd_xfer_cb
 .text.tusb_init
                0x0000000010007574        0xc CMakeFiles/v3fkontroller.dir/home/alex/software/pico-sdk/lib/tinyusb/src/tusb.c.obj
                0x0000000010007574                tusb_init
 .text.tusb_inited
                0x0000000010007580        0x8 CMakeFiles/v3fkontroller.dir/home/alex/software/pico-sdk/lib/tinyusb/src/tusb.c.obj
                0x0000000010007580                tusb_inited
 .text.tu_edpt_validate
                0x0000000010007588       0x74 CMakeFiles/v3fkontroller.dir/home/alex/software/pico-sdk/lib/tinyusb/src/tusb.c.obj
                0x0000000010007588                tu_edpt_validate
 .text.tu_edpt_bind_driver
                0x00000000100075fc       0x2c CMakeFiles/v3fkontroller.dir/home/alex/software/pico-sdk/lib/tinyusb/src/tusb.c.obj
                0x00000000100075fc                tu_edpt_bind_driver
 .text.tu_fifo_config
                0x0000000010007628       0x78 CMakeFiles/v3fkontroller.dir/home/alex/software/pico-sdk/lib/tinyusb/src/common/tusb_fifo.c.obj
                0x0000000010007628                tu_fifo_config
 .text.tu_fifo_count
                0x00000000100076a0       0x24 CMakeFiles/v3fkontroller.dir/home/alex/software/pico-sdk/lib/tinyusb/src/common/tusb_fifo.c.obj
                0x00000000100076a0                tu_fifo_count
 .text.tu_fifo_empty
                0x00000000100076c4       0x10 CMakeFiles/v3fkontroller.dir/home/alex/software/pico-sdk/lib/tinyusb/src/common/tusb_fifo.c.obj
                0x00000000100076c4                tu_fifo_empty
 .text.tu_fifo_remaining
                0x00000000100076d4       0x20 CMakeFiles/v3fkontroller.dir/home/alex/software/pico-sdk/lib/tinyusb/src/common/tusb_fifo.c.obj
                0x00000000100076d4                tu_fifo_remaining
 .text.tu_fifo_read
                0x00000000100076f4       0xa0 CMakeFiles/v3fkontroller.dir/home/alex/software/pico-sdk/lib/tinyusb/src/common/tusb_fifo.c.obj
                0x00000000100076f4                tu_fifo_read
 .text.tu_fifo_read_n
                0x0000000010007794       0xf8 CMakeFiles/v3fkontroller.dir/home/alex/software/pico-sdk/lib/tinyusb/src/common/tusb_fifo.c.obj
                0x0000000010007794                tu_fifo_read_n
 .text.tu_fifo_write
                0x000000001000788c       0x80 CMakeFiles/v3fkontroller.dir/home/alex/software/pico-sdk/lib/tinyusb/src/common/tusb_fifo.c.obj
                0x000000001000788c                tu_fifo_write
 .text.tu_fifo_write_n
                0x000000001000790c       0xfc CMakeFiles/v3fkontroller.dir/home/alex/software/pico-sdk/lib/tinyusb/src/common/tusb_fifo.c.obj
                0x000000001000790c                tu_fifo_write_n
 .text.tu_fifo_clear
                0x0000000010007a08       0x4c CMakeFiles/v3fkontroller.dir/home/alex/software/pico-sdk/lib/tinyusb/src/common/tusb_fifo.c.obj
                0x0000000010007a08                tu_fifo_clear
 .text.tu_fifo_set_overwritable
                0x0000000010007a54       0x3c CMakeFiles/v3fkontroller.dir/home/alex/software/pico-sdk/lib/tinyusb/src/common/tusb_fifo.c.obj
                0x0000000010007a54                tu_fifo_set_overwritable
 .text.startup._retrieve_unique_id_on_boot
                0x0000000010007a90       0x10 CMakeFiles/v3fkontroller.dir/home/alex/software/pico-sdk/src/rp2_common/pico_unique_id/unique_id.c.obj
 .text.pico_get_unique_board_id_string
                0x0000000010007aa0      0x1cc CMakeFiles/v3fkontroller.dir/home/alex/software/pico-sdk/src/rp2_common/pico_unique_id/unique_id.c.obj
                0x0000000010007aa0                pico_get_unique_board_id_string
 .text.flash_get_unique_id
                0x0000000010007c6c       0x3c CMakeFiles/v3fkontroller.dir/home/alex/software/pico-sdk/src/rp2_common/hardware_flash/flash.c.obj
                0x0000000010007c6c                flash_get_unique_id
 .text.adc_init
                0x0000000010007ca8       0x38 CMakeFiles/v3fkontroller.dir/home/alex/software/pico-sdk/src/rp2_common/hardware_adc/adc.c.obj
                0x0000000010007ca8                adc_init
 .text          0x0000000010007ce0       0x68 /usr/lib/gcc/arm-none-eabi/8.3.1/../../../arm-none-eabi/lib/thumb/v6-m/nofp/libc.a(lib_a-strlen-stub.o)
                0x0000000010007ce0                strlen
 *(.fini)
 .fini          0x0000000010007d48        0x4 /usr/lib/gcc/arm-none-eabi/8.3.1/thumb/v6-m/nofp/crti.o
                0x0000000010007d48                _fini
 *fill*         0x0000000010007d4c        0x4 
 .fini.__stub   0x0000000010007d50       0x70 linker stubs
 *crtbegin.o(.ctors)
 *crtbegin?.o(.ctors)
 *(EXCLUDE_FILE(*crtend.o *crtend?.o) .ctors)
 *(SORT_BY_NAME(.ctors.*))
 *(.ctors)
 *crtbegin.o(.dtors)
 *crtbegin?.o(.dtors)
 *(EXCLUDE_FILE(*crtend.o *crtend?.o) .dtors)
 *(SORT_BY_NAME(.dtors.*))
 *(.dtors)
 *(.eh_frame*)
 .eh_frame      0x0000000010007dc0        0x0 /usr/lib/gcc/arm-none-eabi/8.3.1/thumb/v6-m/nofp/crtbegin.o
                0x0000000010007dc0                . = ALIGN (0x4)

.glue_7         0x0000000010007dc0        0x0
 .glue_7        0x0000000010007dc0        0x0 linker stubs

.glue_7t        0x0000000010007dc0        0x0
 .glue_7t       0x0000000010007dc0        0x0 linker stubs

.vfp11_veneer   0x0000000010007dc0        0x0
 .vfp11_veneer  0x0000000010007dc0        0x0 linker stubs

.v4_bx          0x0000000010007dc0        0x0
 .v4_bx         0x0000000010007dc0        0x0 linker stubs

.iplt           0x0000000010007dc0        0x0
 .iplt          0x0000000010007dc0        0x0 /usr/lib/gcc/arm-none-eabi/8.3.1/thumb/v6-m/nofp/crtbegin.o

.rodata         0x0000000010007dc0      0x564
 *(EXCLUDE_FILE(*libm.a: *libc.a:*lib_a-mem*.o *libgcc.a:) .rodata*)
 .rodata.motor_output_on
                0x0000000010007dc0       0x18 CMakeFiles/v3fkontroller.dir/main.c.obj
 .rodata.main.str1.4
                0x0000000010007dd8       0x29 CMakeFiles/v3fkontroller.dir/main.c.obj
 *fill*         0x0000000010007e01        0x3 
 .rodata.spin_lock_claim_unused.str1.4
                0x0000000010007e04       0x1b CMakeFiles/v3fkontroller.dir/home/alex/software/pico-sdk/src/rp2_common/hardware_sync/sync.c.obj
 *fill*         0x0000000010007e1f        0x1 
 .rodata.user_irq_claim_unused.str1.4
                0x0000000010007e20       0x1b CMakeFiles/v3fkontroller.dir/home/alex/software/pico-sdk/src/rp2_common/hardware_irq/irq.c.obj
 *fill*         0x0000000010007e3b        0x1 
 .rodata.hardware_alarm_claim.str1.4
                0x0000000010007e3c       0x22 CMakeFiles/v3fkontroller.dir/home/alex/software/pico-sdk/src/rp2_common/hardware_timer/timer.c.obj
 *fill*         0x0000000010007e5e        0x2 
 .rodata.hard_assertion_failure.str1.4
                0x0000000010007e60        0xc CMakeFiles/v3fkontroller.dir/home/alex/software/pico-sdk/src/rp2_common/pico_runtime/runtime.c.obj
 .rodata.panic.str1.4
                0x0000000010007e6c       0x12 CMakeFiles/v3fkontroller.dir/home/alex/software/pico-sdk/src/rp2_common/pico_runtime/runtime.c.obj
 *fill*         0x0000000010007e7e        0x2 
 .rodata._vsnprintf
                0x0000000010007e80      0x1e0 CMakeFiles/v3fkontroller.dir/home/alex/software/pico-sdk/src/rp2_common/pico_printf/printf.c.obj
 .rodata._ftoa.str1.4
                0x0000000010008060       0x15 CMakeFiles/v3fkontroller.dir/home/alex/software/pico-sdk/src/rp2_common/pico_printf/printf.c.obj
 *fill*         0x0000000010008075        0x3 
 .rodata.pow10.5494
                0x0000000010008078       0x50 CMakeFiles/v3fkontroller.dir/home/alex/software/pico-sdk/src/rp2_common/pico_printf/printf.c.obj
 .rodata.__bi_44
                0x00000000100080c8        0xc CMakeFiles/v3fkontroller.dir/home/alex/software/pico-sdk/src/rp2_common/pico_standard_link/binary_info.c.obj
 .rodata.__bi_75
                0x00000000100080d4        0xc CMakeFiles/v3fkontroller.dir/home/alex/software/pico-sdk/src/rp2_common/pico_standard_link/binary_info.c.obj
 .rodata.__bi_81
                0x00000000100080e0        0xc CMakeFiles/v3fkontroller.dir/home/alex/software/pico-sdk/src/rp2_common/pico_standard_link/binary_info.c.obj
 .rodata.str1.4
                0x00000000100080ec       0x44 CMakeFiles/v3fkontroller.dir/home/alex/software/pico-sdk/src/rp2_common/pico_standard_link/binary_info.c.obj
 .rodata.crlf_str.5963
                0x0000000010008130        0x2 CMakeFiles/v3fkontroller.dir/home/alex/software/pico-sdk/src/rp2_common/pico_stdio/stdio.c.obj
 *fill*         0x0000000010008132        0x2 
 .rodata._resetd_driver
                0x0000000010008134       0x18 CMakeFiles/v3fkontroller.dir/home/alex/software/pico-sdk/src/rp2_common/pico_stdio_usb/reset_interface.c.obj
 .rodata.__bi_118.7257
                0x000000001000814c        0xc CMakeFiles/v3fkontroller.dir/home/alex/software/pico-sdk/src/rp2_common/pico_stdio_usb/stdio_usb.c.obj
 .rodata.str1.4
                0x0000000010008158       0x13 CMakeFiles/v3fkontroller.dir/home/alex/software/pico-sdk/src/rp2_common/pico_stdio_usb/stdio_usb.c.obj
 *fill*         0x000000001000816b        0x1 
 .rodata.str1.4
                0x000000001000816c       0x2a CMakeFiles/v3fkontroller.dir/home/alex/software/pico-sdk/src/rp2_common/pico_stdio_usb/stdio_usb_descriptors.c.obj
 *fill*         0x0000000010008196        0x2 
 .rodata.usbd_desc_cfg
                0x0000000010008198       0x54 CMakeFiles/v3fkontroller.dir/home/alex/software/pico-sdk/src/rp2_common/pico_stdio_usb/stdio_usb_descriptors.c.obj
 .rodata.usbd_desc_device
                0x00000000100081ec       0x12 CMakeFiles/v3fkontroller.dir/home/alex/software/pico-sdk/src/rp2_common/pico_stdio_usb/stdio_usb_descriptors.c.obj
 *fill*         0x00000000100081fe        0x2 
 .rodata.usbd_desc_str
                0x0000000010008200       0x18 CMakeFiles/v3fkontroller.dir/home/alex/software/pico-sdk/src/rp2_common/pico_stdio_usb/stdio_usb_descriptors.c.obj
 .rodata.dcd_rp2040_irq.str1.4
                0x0000000010008218       0x14 CMakeFiles/v3fkontroller.dir/home/alex/software/pico-sdk/lib/tinyusb/src/portable/raspberrypi/rp2040/dcd_rp2040.c.obj
 .rodata._hw_endpoint_buffer_control_update32.part.2.str1.4
                0x000000001000822c       0x1f CMakeFiles/v3fkontroller.dir/home/alex/software/pico-sdk/lib/tinyusb/src/portable/raspberrypi/rp2040/rp2040_usb.c.obj
 *fill*         0x000000001000824b        0x1 
 .rodata.hw_endpoint_xfer_continue.str1.4
                0x000000001000824c       0x29 CMakeFiles/v3fkontroller.dir/home/alex/software/pico-sdk/lib/tinyusb/src/portable/raspberrypi/rp2040/rp2040_usb.c.obj
 *fill*         0x0000000010008275        0x3 
 .rodata.str1.4
                0x0000000010008278        0x7 CMakeFiles/v3fkontroller.dir/home/alex/software/pico-sdk/lib/tinyusb/src/portable/raspberrypi/rp2040/rp2040_usb.c.obj
 *fill*         0x000000001000827f        0x1 
 .rodata.tud_task
                0x0000000010008280       0x8c CMakeFiles/v3fkontroller.dir/home/alex/software/pico-sdk/lib/tinyusb/src/device/usbd.c.obj
 .rodata._usbd_driver
                0x000000001000830c       0x18 CMakeFiles/v3fkontroller.dir/home/alex/software/pico-sdk/lib/tinyusb/src/device/usbd.c.obj
                0x0000000010008324                . = ALIGN (0x4)
 *(SORT_BY_ALIGNMENT(SORT_BY_NAME(.flashdata*)))
                0x0000000010008324                . = ALIGN (0x4)

.rel.dyn        0x0000000010008324        0x0
 .rel.iplt      0x0000000010008324        0x0 /usr/lib/gcc/arm-none-eabi/8.3.1/thumb/v6-m/nofp/crtbegin.o

.ARM.extab
 *(.ARM.extab* .gnu.linkonce.armextab.*)
                0x0000000010008324                __exidx_start = .

.ARM.exidx
 *(.ARM.exidx* .gnu.linkonce.armexidx.*)
                0x0000000010008324                __exidx_end = .
                0x0000000010008324                . = ALIGN (0x4)
                0x0000000010008324                __binary_info_start = .

.binary_info    0x0000000010008324       0x20
 *(.binary_info.keep.*)
 .binary_info.keep.__bi_ptr22
                0x0000000010008324        0x4 CMakeFiles/v3fkontroller.dir/home/alex/software/pico-sdk/src/rp2_common/pico_standard_link/binary_info.c.obj
 .binary_info.keep.__bi_ptr30
                0x0000000010008328        0x4 CMakeFiles/v3fkontroller.dir/home/alex/software/pico-sdk/src/rp2_common/pico_standard_link/binary_info.c.obj
 .binary_info.keep.__bi_ptr38
                0x000000001000832c        0x4 CMakeFiles/v3fkontroller.dir/home/alex/software/pico-sdk/src/rp2_common/pico_standard_link/binary_info.c.obj
 .binary_info.keep.__bi_ptr44
                0x0000000010008330        0x4 CMakeFiles/v3fkontroller.dir/home/alex/software/pico-sdk/src/rp2_common/pico_standard_link/binary_info.c.obj
 .binary_info.keep.__bi_ptr50
                0x0000000010008334        0x4 CMakeFiles/v3fkontroller.dir/home/alex/software/pico-sdk/src/rp2_common/pico_standard_link/binary_info.c.obj
 .binary_info.keep.__bi_ptr75
                0x0000000010008338        0x4 CMakeFiles/v3fkontroller.dir/home/alex/software/pico-sdk/src/rp2_common/pico_standard_link/binary_info.c.obj
 .binary_info.keep.__bi_ptr81
                0x000000001000833c        0x4 CMakeFiles/v3fkontroller.dir/home/alex/software/pico-sdk/src/rp2_common/pico_standard_link/binary_info.c.obj
 *(.binary_info.*)
 .binary_info.__bi_ptr118
                0x0000000010008340        0x4 CMakeFiles/v3fkontroller.dir/home/alex/software/pico-sdk/src/rp2_common/pico_stdio_usb/stdio_usb.c.obj
                0x0000000010008344                __binary_info_end = .
                0x0000000010008344                . = ALIGN (0x4)
                0x0000000010008344                __etext = .

.ram_vector_table
                0x0000000020000000       0xc0
 *(.ram_vector_table)
 .ram_vector_table
                0x0000000020000000       0xc0 CMakeFiles/v3fkontroller.dir/home/alex/software/pico-sdk/src/rp2_common/pico_runtime/runtime.c.obj
                0x0000000020000000                ram_vector_table

.data           0x00000000200000c0      0x3c0 load address 0x0000000010008344
                0x00000000200000c0                __data_start__ = .
 *(vtable)
 *(.time_critical*)
 .time_critical.mutex_enter_blocking
                0x00000000200000c0       0x48 CMakeFiles/v3fkontroller.dir/home/alex/software/pico-sdk/src/common/pico_sync/mutex.c.obj
                0x00000000200000c0                mutex_enter_blocking
 .time_critical.mutex_try_enter
                0x0000000020000108       0x48 CMakeFiles/v3fkontroller.dir/home/alex/software/pico-sdk/src/common/pico_sync/mutex.c.obj
                0x0000000020000108                mutex_try_enter
 .time_critical.mutex_enter_timeout_ms
                0x0000000020000150       0x98 CMakeFiles/v3fkontroller.dir/home/alex/software/pico-sdk/src/common/pico_sync/mutex.c.obj
                0x0000000020000150                mutex_enter_timeout_ms
 .time_critical.mutex_exit
                0x00000000200001e8       0x28 CMakeFiles/v3fkontroller.dir/home/alex/software/pico-sdk/src/common/pico_sync/mutex.c.obj
                0x00000000200001e8                mutex_exit
 .time_critical.flash_init_boot2_copyout
                0x0000000020000210       0x30 CMakeFiles/v3fkontroller.dir/home/alex/software/pico-sdk/src/rp2_common/hardware_flash/flash.c.obj
 .time_critical.flash_enable_xip_via_boot2
                0x0000000020000240       0x10 CMakeFiles/v3fkontroller.dir/home/alex/software/pico-sdk/src/rp2_common/hardware_flash/flash.c.obj
 .time_critical.flash_cs_force
                0x0000000020000250       0x38 CMakeFiles/v3fkontroller.dir/home/alex/software/pico-sdk/src/rp2_common/hardware_flash/flash.c.obj
 .time_critical.flash_do_cmd
                0x0000000020000288       0xb4 CMakeFiles/v3fkontroller.dir/home/alex/software/pico-sdk/src/rp2_common/hardware_flash/flash.c.obj
                0x0000000020000288                flash_do_cmd
 *(.text*)
 .text          0x000000002000033c        0x4 /usr/lib/gcc/arm-none-eabi/8.3.1/thumb/v6-m/nofp/libgcc.a(_dvmd_tls.o)
                0x000000002000033c                __aeabi_ldiv0
                0x000000002000033c                __aeabi_idiv0
 .text.__stub   0x0000000020000340       0x30 linker stubs
                0x0000000020000370                . = ALIGN (0x4)
 *(.rodata*)
                0x0000000020000370                . = ALIGN (0x4)
 *(.data*)
 .data.pwm_control_executions_per_phase_cycle
                0x0000000020000370        0x8 CMakeFiles/v3fkontroller.dir/main.c.obj
                0x0000000020000370                pwm_control_executions_per_phase_cycle
 .data.pwm_control_frequency
                0x0000000020000378        0x8 CMakeFiles/v3fkontroller.dir/main.c.obj
                0x0000000020000378                pwm_control_frequency
 .data.steps_jumped
                0x0000000020000380        0x1 CMakeFiles/v3fkontroller.dir/main.c.obj
                0x0000000020000380                steps_jumped
 .data.striped_spin_lock_num
                0x0000000020000381        0x1 CMakeFiles/v3fkontroller.dir/home/alex/software/pico-sdk/src/rp2_common/hardware_sync/sync.c.obj
 *fill*         0x0000000020000382        0x2 
 .data          0x0000000020000384       0x48 CMakeFiles/v3fkontroller.dir/home/alex/software/pico-sdk/src/rp2_common/hardware_irq/irq_handler_chain.S.obj
                0x0000000020000384                irq_handler_chain_slots
                0x00000000200003b4                irq_handler_chain_first_slot
                0x00000000200003be                irq_handler_chain_remove_tail
 .data.default_alarm_pool
                0x00000000200003cc       0x18 CMakeFiles/v3fkontroller.dir/home/alex/software/pico-sdk/src/common/pico_time/time.c.obj
 .data.default_alarm_pool_heap
                0x00000000200003e4       0x10 CMakeFiles/v3fkontroller.dir/home/alex/software/pico-sdk/src/common/pico_time/time.c.obj
 *fill*         0x00000000200003f4        0xc 
 .data.aeabi_bits_funcs
                0x0000000020000400       0x10 CMakeFiles/v3fkontroller.dir/home/alex/software/pico-sdk/src/rp2_common/pico_bit_ops/bit_ops_aeabi.S.obj
                0x0000000020000400                aeabi_bits_funcs
                0x0000000020000410                aeabi_bits_funcs_end
 .data.aeabi_mem_funcs
                0x0000000020000410       0x10 CMakeFiles/v3fkontroller.dir/home/alex/software/pico-sdk/src/rp2_common/pico_mem_ops/mem_ops_aeabi.S.obj
                0x0000000020000410                aeabi_mem_funcs
                0x0000000020000420                aeabi_mem_funcs_end
 .data.stdio_usb
                0x0000000020000420       0x14 CMakeFiles/v3fkontroller.dir/home/alex/software/pico-sdk/src/rp2_common/pico_stdio_usb/stdio_usb.c.obj
                0x0000000020000420                stdio_usb
 .data.ep_dir_string
                0x0000000020000434        0x8 CMakeFiles/v3fkontroller.dir/home/alex/software/pico-sdk/lib/tinyusb/src/portable/raspberrypi/rp2040/rp2040_usb.c.obj
                0x0000000020000434                ep_dir_string
 .data._usbd_qdef
                0x000000002000043c       0x24 CMakeFiles/v3fkontroller.dir/home/alex/software/pico-sdk/lib/tinyusb/src/device/usbd.c.obj
                0x000000002000043c                _usbd_qdef
                0x0000000020000460                . = ALIGN (0x4)
 *(.after_data.*)
                0x0000000020000460                . = ALIGN (0x4)
                0x0000000020000460                PROVIDE (__mutex_array_start = .)
 *(SORT_BY_NAME(.mutex_array.*))
 *(.mutex_array)
 .mutex_array   0x0000000020000460        0x8 CMakeFiles/v3fkontroller.dir/home/alex/software/pico-sdk/src/rp2_common/pico_stdio/stdio.c.obj
                0x0000000020000468                PROVIDE (__mutex_array_end = .)
                0x0000000020000468                . = ALIGN (0x4)
                0x0000000020000468                PROVIDE (__preinit_array_start = .)
 *(SORT_BY_NAME(.preinit_array.*))
 .preinit_array.00001
                0x0000000020000468        0x4 CMakeFiles/v3fkontroller.dir/home/alex/software/pico-sdk/src/rp2_common/pico_mem_ops/mem_ops_aeabi.S.obj
 .preinit_array.00010
                0x000000002000046c        0x4 CMakeFiles/v3fkontroller.dir/home/alex/software/pico-sdk/src/rp2_common/pico_bit_ops/bit_ops_aeabi.S.obj
 .preinit_array.00020
                0x0000000020000470        0x4 CMakeFiles/v3fkontroller.dir/home/alex/software/pico-sdk/src/rp2_common/pico_double/double_aeabi.S.obj
 .preinit_array.00020
                0x0000000020000474        0x4 CMakeFiles/v3fkontroller.dir/home/alex/software/pico-sdk/src/rp2_common/pico_float/float_aeabi.S.obj
 *(.preinit_array)
                0x0000000020000478                PROVIDE (__preinit_array_end = .)
                0x0000000020000478                . = ALIGN (0x4)
                0x0000000020000478                PROVIDE (__init_array_start = .)
 *(SORT_BY_NAME(.init_array.*))
 *(.init_array)
 .init_array    0x0000000020000478        0x4 /usr/lib/gcc/arm-none-eabi/8.3.1/thumb/v6-m/nofp/crtbegin.o
 .init_array    0x000000002000047c        0x4 CMakeFiles/v3fkontroller.dir/home/alex/software/pico-sdk/src/rp2_common/pico_unique_id/unique_id.c.obj
                0x0000000020000480                PROVIDE (__init_array_end = .)
                0x0000000020000480                . = ALIGN (0x4)
                0x0000000020000480                PROVIDE (__fini_array_start = .)
 *(SORT_BY_NAME(.fini_array.*))
 *(.fini_array)
                0x0000000020000480                PROVIDE (__fini_array_end = .)
 *(.jcr)
                0x0000000020000480                . = ALIGN (0x4)
                0x0000000020000480                __data_end__ = .

.tm_clone_table
                0x0000000020000480        0x0 load address 0x0000000010008704
 .tm_clone_table
                0x0000000020000480        0x0 /usr/lib/gcc/arm-none-eabi/8.3.1/thumb/v6-m/nofp/crtbegin.o
 .tm_clone_table
                0x0000000020000480        0x0 /usr/lib/gcc/arm-none-eabi/8.3.1/thumb/v6-m/nofp/crtend.o

.igot.plt       0x0000000020000480        0x0 load address 0x0000000010008704
 .igot.plt      0x0000000020000480        0x0 /usr/lib/gcc/arm-none-eabi/8.3.1/thumb/v6-m/nofp/crtbegin.o

.uninitialized_data
                0x0000000020000480        0x0 load address 0x0000000010008704
                0x0000000020000480                . = ALIGN (0x4)
 *(.uninitialized_data*)

.scratch_x      0x0000000020040000        0x0 load address 0x0000000010008704
                0x0000000020040000                __scratch_x_start__ = .
 *(.scratch_x.*)
                0x0000000020040000                . = ALIGN (0x4)
                0x0000000020040000                __scratch_x_end__ = .
                0x0000000010008704                __scratch_x_source__ = LOADADDR (.scratch_x)

.scratch_y      0x0000000020041000        0x0 load address 0x0000000010008704
                0x0000000020041000                __scratch_y_start__ = .
 *(.scratch_y.*)
                0x0000000020041000                . = ALIGN (0x4)
                0x0000000020041000                __scratch_y_end__ = .
                0x0000000010008704                __scratch_y_source__ = LOADADDR (.scratch_y)

.bss            0x0000000020000480      0xdc8
                0x0000000020000480                . = ALIGN (0x4)
                0x0000000020000480                __bss_start__ = .
 *(SORT_BY_ALIGNMENT(SORT_BY_NAME(.bss*)))
 .bss.default_alarm_pool_entries
                0x0000000020000480      0x100 CMakeFiles/v3fkontroller.dir/home/alex/software/pico-sdk/src/common/pico_time/time.c.obj
 .bss.last_avail_time.7236
                0x0000000020000580        0x8 CMakeFiles/v3fkontroller.dir/home/alex/software/pico-sdk/src/rp2_common/pico_stdio_usb/stdio_usb.c.obj
 .bss.last_step_time
                0x0000000020000588        0x8 CMakeFiles/v3fkontroller.dir/main.c.obj
                0x0000000020000588                last_step_time
 .bss.motor_duty_cycle
                0x0000000020000590        0x8 CMakeFiles/v3fkontroller.dir/main.c.obj
                0x0000000020000590                motor_duty_cycle
 .bss.pwm_control_motor_execution_count
                0x0000000020000598        0x8 CMakeFiles/v3fkontroller.dir/main.c.obj
                0x0000000020000598                pwm_control_motor_execution_count
 .bss.rotor_average_speed
                0x00000000200005a0        0x8 CMakeFiles/v3fkontroller.dir/main.c.obj
                0x00000000200005a0                rotor_average_speed
 .bss.rotor_phase_frequency
                0x00000000200005a8        0x8 CMakeFiles/v3fkontroller.dir/main.c.obj
                0x00000000200005a8                rotor_phase_frequency
 .bss.rotor_phase_position
                0x00000000200005b0        0x8 CMakeFiles/v3fkontroller.dir/main.c.obj
                0x00000000200005b0                rotor_phase_position
 .bss.time_since_last_report
                0x00000000200005b8        0x8 CMakeFiles/v3fkontroller.dir/main.c.obj
                0x00000000200005b8                time_since_last_report
 .bss.time_since_last_step
                0x00000000200005c0        0x8 CMakeFiles/v3fkontroller.dir/main.c.obj
                0x00000000200005c0                time_since_last_step
 .bss           0x00000000200005c8       0x1c /usr/lib/gcc/arm-none-eabi/8.3.1/thumb/v6-m/nofp/crtbegin.o
 .bss._app_driver
                0x00000000200005e4        0x4 CMakeFiles/v3fkontroller.dir/home/alex/software/pico-sdk/lib/tinyusb/src/device/usbd.c.obj
 .bss._cdcd_itf
                0x00000000200005e8      0x2d8 CMakeFiles/v3fkontroller.dir/home/alex/software/pico-sdk/lib/tinyusb/src/class/cdc/cdc_device.c.obj
 .bss._ctrl_xfer
                0x00000000200008c0       0x14 CMakeFiles/v3fkontroller.dir/home/alex/software/pico-sdk/lib/tinyusb/src/device/usbd_control.c.obj
 .bss._ubsd_mutexdef
                0x00000000200008d4        0x8 CMakeFiles/v3fkontroller.dir/home/alex/software/pico-sdk/lib/tinyusb/src/device/usbd.c.obj
 .bss._usbd_ctrl_buf
                0x00000000200008dc       0x40 CMakeFiles/v3fkontroller.dir/home/alex/software/pico-sdk/lib/tinyusb/src/device/usbd_control.c.obj
 .bss._usbd_dev
                0x000000002000091c       0x53 CMakeFiles/v3fkontroller.dir/home/alex/software/pico-sdk/lib/tinyusb/src/device/usbd.c.obj
 *fill*         0x000000002000096f        0x1 
 .bss._usbd_mutex
                0x0000000020000970        0x4 CMakeFiles/v3fkontroller.dir/home/alex/software/pico-sdk/lib/tinyusb/src/device/usbd.c.obj
 .bss._usbd_q   0x0000000020000974        0x4 CMakeFiles/v3fkontroller.dir/home/alex/software/pico-sdk/lib/tinyusb/src/device/usbd.c.obj
 .bss.alarm_callbacks
                0x0000000020000978       0x10 CMakeFiles/v3fkontroller.dir/home/alex/software/pico-sdk/src/rp2_common/hardware_timer/timer.c.obj
 .bss.boot2_copyout
                0x0000000020000988      0x100 CMakeFiles/v3fkontroller.dir/home/alex/software/pico-sdk/src/rp2_common/hardware_flash/flash.c.obj
 .bss.claimed   0x0000000020000a88        0x4 CMakeFiles/v3fkontroller.dir/home/alex/software/pico-sdk/src/rp2_common/hardware_sync/sync.c.obj
 .bss.configured_freq
                0x0000000020000a8c       0x28 CMakeFiles/v3fkontroller.dir/home/alex/software/pico-sdk/src/rp2_common/hardware_clocks/clocks.c.obj
 .bss.default_alarm_pool_entry_ids_high
                0x0000000020000ab4       0x10 CMakeFiles/v3fkontroller.dir/home/alex/software/pico-sdk/src/common/pico_time/time.c.obj
 .bss.default_alarm_pool_heap_nodes
                0x0000000020000ac4       0x30 CMakeFiles/v3fkontroller.dir/home/alex/software/pico-sdk/src/common/pico_time/time.c.obj
 .bss.desc_str.7121
                0x0000000020000af4       0x28 CMakeFiles/v3fkontroller.dir/home/alex/software/pico-sdk/src/rp2_common/pico_stdio_usb/stdio_usb_descriptors.c.obj
 .bss.drivers   0x0000000020000b1c        0x4 CMakeFiles/v3fkontroller.dir/home/alex/software/pico-sdk/src/rp2_common/pico_stdio/stdio.c.obj
 .bss.filter    0x0000000020000b20        0x4 CMakeFiles/v3fkontroller.dir/home/alex/software/pico-sdk/src/rp2_common/pico_stdio/stdio.c.obj
 .bss.hw_endpoints
                0x0000000020000b24      0x400 CMakeFiles/v3fkontroller.dir/home/alex/software/pico-sdk/lib/tinyusb/src/portable/raspberrypi/rp2040/dcd_rp2040.c.obj
 .bss.lazy_vsnprintf
                0x0000000020000f24        0x4 CMakeFiles/v3fkontroller.dir/home/alex/software/pico-sdk/src/rp2_common/pico_printf/printf.c.obj
 .bss.load_value
                0x0000000020000f28        0x4 CMakeFiles/v3fkontroller.dir/home/alex/software/pico-sdk/src/rp2_common/hardware_watchdog/watchdog.c.obj
 .bss.next_buffer_ptr
                0x0000000020000f2c        0x4 CMakeFiles/v3fkontroller.dir/home/alex/software/pico-sdk/lib/tinyusb/src/portable/raspberrypi/rp2040/dcd_rp2040.c.obj
 .bss.pools     0x0000000020000f30       0x10 CMakeFiles/v3fkontroller.dir/home/alex/software/pico-sdk/src/common/pico_time/time.c.obj
 .bss.retrieved_id
                0x0000000020000f40        0x8 CMakeFiles/v3fkontroller.dir/home/alex/software/pico-sdk/src/rp2_common/pico_unique_id/unique_id.c.obj
 .bss.sf_clz_func
                0x0000000020000f48        0x4 CMakeFiles/v3fkontroller.dir/home/alex/software/pico-sdk/src/rp2_common/pico_double/double_init_rom.c.obj
                0x0000000020000f48                sf_clz_func
 .bss.sleep_notifier
                0x0000000020000f4c        0x4 CMakeFiles/v3fkontroller.dir/home/alex/software/pico-sdk/src/common/pico_time/time.c.obj
 .bss.stdio_usb_mutex
                0x0000000020000f50        0x8 CMakeFiles/v3fkontroller.dir/home/alex/software/pico-sdk/src/rp2_common/pico_stdio_usb/stdio_usb.c.obj
 .bss.target_hi
                0x0000000020000f58       0x10 CMakeFiles/v3fkontroller.dir/home/alex/software/pico-sdk/src/rp2_common/hardware_timer/timer.c.obj
 .bss.usbd_serial_str
                0x0000000020000f68       0x11 CMakeFiles/v3fkontroller.dir/home/alex/software/pico-sdk/src/rp2_common/pico_stdio_usb/stdio_usb_descriptors.c.obj
 *fill*         0x0000000020000f79        0x3 
 .bss.user_irq_claimed
                0x0000000020000f7c        0x2 CMakeFiles/v3fkontroller.dir/home/alex/software/pico-sdk/src/rp2_common/hardware_irq/irq.c.obj
 .bss._app_driver_count
                0x0000000020000f7e        0x1 CMakeFiles/v3fkontroller.dir/home/alex/software/pico-sdk/lib/tinyusb/src/device/usbd.c.obj
 .bss._usbd_initialized
                0x0000000020000f7f        0x1 CMakeFiles/v3fkontroller.dir/home/alex/software/pico-sdk/lib/tinyusb/src/device/usbd.c.obj
 .bss.boot2_copyout_valid
                0x0000000020000f80        0x1 CMakeFiles/v3fkontroller.dir/home/alex/software/pico-sdk/src/rp2_common/hardware_flash/flash.c.obj
 .bss.claimed   0x0000000020000f81        0x1 CMakeFiles/v3fkontroller.dir/home/alex/software/pico-sdk/src/rp2_common/hardware_timer/timer.c.obj
 .bss.irq_hander_chain_free_slot_head
                0x0000000020000f82        0x1 CMakeFiles/v3fkontroller.dir/home/alex/software/pico-sdk/src/rp2_common/hardware_irq/irq.c.obj
 .bss.itf_num   0x0000000020000f83        0x1 CMakeFiles/v3fkontroller.dir/home/alex/software/pico-sdk/src/rp2_common/pico_stdio_usb/reset_interface.c.obj
 .bss.low_priority_irq_num
                0x0000000020000f84        0x1 CMakeFiles/v3fkontroller.dir/home/alex/software/pico-sdk/src/rp2_common/pico_stdio_usb/stdio_usb.c.obj
 .bss.rotor_current_step
                0x0000000020000f85        0x1 CMakeFiles/v3fkontroller.dir/main.c.obj
                0x0000000020000f85                rotor_current_step
 .bss.rotor_last_step
                0x0000000020000f86        0x1 CMakeFiles/v3fkontroller.dir/main.c.obj
                0x0000000020000f86                rotor_last_step
 .bss.timer_callbacks_pending
                0x0000000020000f87        0x1 CMakeFiles/v3fkontroller.dir/home/alex/software/pico-sdk/src/rp2_common/hardware_timer/timer.c.obj
 *(COMMON)
 COMMON         0x0000000020000f88      0x100 CMakeFiles/v3fkontroller.dir/home/alex/software/pico-sdk/src/rp2_common/pico_double/double_init_rom.c.obj
                0x0000000020000f88                sd_table
 COMMON         0x0000000020001088      0x100 CMakeFiles/v3fkontroller.dir/home/alex/software/pico-sdk/src/rp2_common/pico_float/float_init_rom.c.obj
                0x0000000020001088                sf_table
 COMMON         0x0000000020001188       0xc0 CMakeFiles/v3fkontroller.dir/home/alex/software/pico-sdk/lib/tinyusb/src/device/usbd.c.obj
                0x0000000020001188                _usbd_qdef_buf
                0x0000000020001248                . = ALIGN (0x4)
                0x0000000020001248                __bss_end__ = .

.heap           0x0000000020001248      0x800
                0x0000000020001248                __end__ = .
                0x0000000020001248                end = __end__
 *(.heap*)
 .heap          0x0000000020001248      0x800 CMakeFiles/v3fkontroller.dir/home/alex/software/pico-sdk/src/rp2_common/pico_standard_link/crt0.S.obj
                0x0000000020001a48                __HeapLimit = .

.stack1_dummy   0x0000000020040000        0x0
 *(.stack1*)

.stack_dummy    0x0000000020041000      0x800
 *(.stack*)
 .stack         0x0000000020041000      0x800 CMakeFiles/v3fkontroller.dir/home/alex/software/pico-sdk/src/rp2_common/pico_standard_link/crt0.S.obj

.flash_end      0x0000000010008704        0x0
                0x0000000010008704                __flash_binary_end = .
                0x0000000020040000                __StackLimit = (ORIGIN (RAM) + LENGTH (RAM))
                0x0000000020041000                __StackOneTop = (ORIGIN (SCRATCH_X) + LENGTH (SCRATCH_X))
                0x0000000020042000                __StackTop = (ORIGIN (SCRATCH_Y) + LENGTH (SCRATCH_Y))
                0x0000000020041000                __StackOneBottom = (__StackOneTop - SIZEOF (.stack1_dummy))
                0x0000000020041800                __StackBottom = (__StackTop - SIZEOF (.stack_dummy))
                0x0000000020042000                PROVIDE (__stack = __StackTop)
                0x0000000000000001                ASSERT ((__StackLimit >= __HeapLimit), region RAM overflowed)
                0x0000000000000001                ASSERT (((__binary_info_header_end - __logical_binary_start) <= 0x100), Binary info must be in first 256 bytes of the binary)
LOAD CMakeFiles/v3fkontroller.dir/main.c.obj
LOAD CMakeFiles/v3fkontroller.dir/home/alex/software/pico-sdk/src/rp2_common/pico_stdlib/stdlib.c.obj
LOAD CMakeFiles/v3fkontroller.dir/home/alex/software/pico-sdk/src/rp2_common/hardware_gpio/gpio.c.obj
LOAD CMakeFiles/v3fkontroller.dir/home/alex/software/pico-sdk/src/rp2_common/hardware_claim/claim.c.obj
LOAD CMakeFiles/v3fkontroller.dir/home/alex/software/pico-sdk/src/rp2_common/pico_platform/platform.c.obj
LOAD CMakeFiles/v3fkontroller.dir/home/alex/software/pico-sdk/src/rp2_common/hardware_sync/sync.c.obj
LOAD CMakeFiles/v3fkontroller.dir/home/alex/software/pico-sdk/src/rp2_common/hardware_irq/irq.c.obj
LOAD CMakeFiles/v3fkontroller.dir/home/alex/software/pico-sdk/src/rp2_common/hardware_irq/irq_handler_chain.S.obj
LOAD CMakeFiles/v3fkontroller.dir/home/alex/software/pico-sdk/src/common/pico_sync/sem.c.obj
LOAD CMakeFiles/v3fkontroller.dir/home/alex/software/pico-sdk/src/common/pico_sync/lock_core.c.obj
LOAD CMakeFiles/v3fkontroller.dir/home/alex/software/pico-sdk/src/common/pico_time/time.c.obj
LOAD CMakeFiles/v3fkontroller.dir/home/alex/software/pico-sdk/src/common/pico_time/timeout_helper.c.obj
LOAD CMakeFiles/v3fkontroller.dir/home/alex/software/pico-sdk/src/rp2_common/hardware_timer/timer.c.obj
LOAD CMakeFiles/v3fkontroller.dir/home/alex/software/pico-sdk/src/common/pico_util/datetime.c.obj
LOAD CMakeFiles/v3fkontroller.dir/home/alex/software/pico-sdk/src/common/pico_util/pheap.c.obj
LOAD CMakeFiles/v3fkontroller.dir/home/alex/software/pico-sdk/src/common/pico_util/queue.c.obj
LOAD CMakeFiles/v3fkontroller.dir/home/alex/software/pico-sdk/src/common/pico_sync/mutex.c.obj
LOAD CMakeFiles/v3fkontroller.dir/home/alex/software/pico-sdk/src/common/pico_sync/critical_section.c.obj
LOAD CMakeFiles/v3fkontroller.dir/home/alex/software/pico-sdk/src/rp2_common/hardware_uart/uart.c.obj
LOAD CMakeFiles/v3fkontroller.dir/home/alex/software/pico-sdk/src/rp2_common/hardware_divider/divider.S.obj
LOAD CMakeFiles/v3fkontroller.dir/home/alex/software/pico-sdk/src/rp2_common/pico_runtime/runtime.c.obj
LOAD CMakeFiles/v3fkontroller.dir/home/alex/software/pico-sdk/src/rp2_common/hardware_clocks/clocks.c.obj
LOAD CMakeFiles/v3fkontroller.dir/home/alex/software/pico-sdk/src/rp2_common/hardware_pll/pll.c.obj
LOAD CMakeFiles/v3fkontroller.dir/home/alex/software/pico-sdk/src/rp2_common/hardware_vreg/vreg.c.obj
LOAD CMakeFiles/v3fkontroller.dir/home/alex/software/pico-sdk/src/rp2_common/hardware_watchdog/watchdog.c.obj
LOAD CMakeFiles/v3fkontroller.dir/home/alex/software/pico-sdk/src/rp2_common/hardware_xosc/xosc.c.obj
LOAD CMakeFiles/v3fkontroller.dir/home/alex/software/pico-sdk/src/rp2_common/pico_printf/printf.c.obj
LOAD CMakeFiles/v3fkontroller.dir/home/alex/software/pico-sdk/src/rp2_common/pico_bit_ops/bit_ops_aeabi.S.obj
LOAD CMakeFiles/v3fkontroller.dir/home/alex/software/pico-sdk/src/rp2_common/pico_bootrom/bootrom.c.obj
LOAD CMakeFiles/v3fkontroller.dir/home/alex/software/pico-sdk/src/rp2_common/pico_divider/divider.S.obj
LOAD CMakeFiles/v3fkontroller.dir/home/alex/software/pico-sdk/src/rp2_common/pico_double/double_aeabi.S.obj
LOAD CMakeFiles/v3fkontroller.dir/home/alex/software/pico-sdk/src/rp2_common/pico_double/double_init_rom.c.obj
LOAD CMakeFiles/v3fkontroller.dir/home/alex/software/pico-sdk/src/rp2_common/pico_double/double_math.c.obj
LOAD CMakeFiles/v3fkontroller.dir/home/alex/software/pico-sdk/src/rp2_common/pico_double/double_v1_rom_shim.S.obj
LOAD CMakeFiles/v3fkontroller.dir/home/alex/software/pico-sdk/src/rp2_common/pico_int64_ops/pico_int64_ops_aeabi.S.obj
LOAD CMakeFiles/v3fkontroller.dir/home/alex/software/pico-sdk/src/rp2_common/pico_float/float_aeabi.S.obj
LOAD CMakeFiles/v3fkontroller.dir/home/alex/software/pico-sdk/src/rp2_common/pico_float/float_init_rom.c.obj
LOAD CMakeFiles/v3fkontroller.dir/home/alex/software/pico-sdk/src/rp2_common/pico_float/float_math.c.obj
LOAD CMakeFiles/v3fkontroller.dir/home/alex/software/pico-sdk/src/rp2_common/pico_float/float_v1_rom_shim.S.obj
LOAD CMakeFiles/v3fkontroller.dir/home/alex/software/pico-sdk/src/rp2_common/pico_malloc/pico_malloc.c.obj
LOAD CMakeFiles/v3fkontroller.dir/home/alex/software/pico-sdk/src/rp2_common/pico_mem_ops/mem_ops_aeabi.S.obj
LOAD CMakeFiles/v3fkontroller.dir/home/alex/software/pico-sdk/src/rp2_common/pico_standard_link/crt0.S.obj
LOAD CMakeFiles/v3fkontroller.dir/home/alex/software/pico-sdk/src/rp2_common/pico_standard_link/new_delete.cpp.obj
LOAD CMakeFiles/v3fkontroller.dir/home/alex/software/pico-sdk/src/rp2_common/pico_standard_link/binary_info.c.obj
LOAD CMakeFiles/v3fkontroller.dir/home/alex/software/pico-sdk/src/rp2_common/pico_stdio/stdio.c.obj
LOAD CMakeFiles/v3fkontroller.dir/home/alex/software/pico-sdk/src/rp2_common/pico_stdio_usb/reset_interface.c.obj
LOAD CMakeFiles/v3fkontroller.dir/home/alex/software/pico-sdk/src/rp2_common/pico_stdio_usb/stdio_usb.c.obj
LOAD CMakeFiles/v3fkontroller.dir/home/alex/software/pico-sdk/src/rp2_common/pico_stdio_usb/stdio_usb_descriptors.c.obj
LOAD CMakeFiles/v3fkontroller.dir/home/alex/software/pico-sdk/lib/tinyusb/src/portable/raspberrypi/rp2040/dcd_rp2040.c.obj
LOAD CMakeFiles/v3fkontroller.dir/home/alex/software/pico-sdk/lib/tinyusb/src/portable/raspberrypi/rp2040/rp2040_usb.c.obj
LOAD CMakeFiles/v3fkontroller.dir/home/alex/software/pico-sdk/lib/tinyusb/src/device/usbd.c.obj
LOAD CMakeFiles/v3fkontroller.dir/home/alex/software/pico-sdk/lib/tinyusb/src/device/usbd_control.c.obj
LOAD CMakeFiles/v3fkontroller.dir/home/alex/software/pico-sdk/lib/tinyusb/src/class/audio/audio_device.c.obj
LOAD CMakeFiles/v3fkontroller.dir/home/alex/software/pico-sdk/lib/tinyusb/src/class/cdc/cdc_device.c.obj
LOAD CMakeFiles/v3fkontroller.dir/home/alex/software/pico-sdk/lib/tinyusb/src/class/dfu/dfu_device.c.obj
LOAD CMakeFiles/v3fkontroller.dir/home/alex/software/pico-sdk/lib/tinyusb/src/class/dfu/dfu_rt_device.c.obj
LOAD CMakeFiles/v3fkontroller.dir/home/alex/software/pico-sdk/lib/tinyusb/src/class/hid/hid_device.c.obj
LOAD CMakeFiles/v3fkontroller.dir/home/alex/software/pico-sdk/lib/tinyusb/src/class/midi/midi_device.c.obj
LOAD CMakeFiles/v3fkontroller.dir/home/alex/software/pico-sdk/lib/tinyusb/src/class/msc/msc_device.c.obj
LOAD CMakeFiles/v3fkontroller.dir/home/alex/software/pico-sdk/lib/tinyusb/src/class/net/ecm_rndis_device.c.obj
LOAD CMakeFiles/v3fkontroller.dir/home/alex/software/pico-sdk/lib/tinyusb/src/class/net/ncm_device.c.obj
LOAD CMakeFiles/v3fkontroller.dir/home/alex/software/pico-sdk/lib/tinyusb/src/class/usbtmc/usbtmc_device.c.obj
LOAD CMakeFiles/v3fkontroller.dir/home/alex/software/pico-sdk/lib/tinyusb/src/class/vendor/vendor_device.c.obj
LOAD CMakeFiles/v3fkontroller.dir/home/alex/software/pico-sdk/lib/tinyusb/src/class/video/video_device.c.obj
LOAD CMakeFiles/v3fkontroller.dir/home/alex/software/pico-sdk/lib/tinyusb/src/tusb.c.obj
LOAD CMakeFiles/v3fkontroller.dir/home/alex/software/pico-sdk/lib/tinyusb/src/common/tusb_fifo.c.obj
LOAD CMakeFiles/v3fkontroller.dir/home/alex/software/pico-sdk/src/rp2_common/pico_fix/rp2040_usb_device_enumeration/rp2040_usb_device_enumeration.c.obj
LOAD CMakeFiles/v3fkontroller.dir/home/alex/software/pico-sdk/src/rp2_common/pico_unique_id/unique_id.c.obj
LOAD CMakeFiles/v3fkontroller.dir/home/alex/software/pico-sdk/src/rp2_common/hardware_flash/flash.c.obj
LOAD CMakeFiles/v3fkontroller.dir/home/alex/software/pico-sdk/src/rp2_common/hardware_adc/adc.c.obj
LOAD /tmp/cc9UeiUV.o
LOAD /usr/lib/gcc/arm-none-eabi/8.3.1/../../../arm-none-eabi/lib/thumb/v6-m/nofp/libstdc++.a
LOAD /usr/lib/gcc/arm-none-eabi/8.3.1/../../../arm-none-eabi/lib/thumb/v6-m/nofp/libm.a
START GROUP
LOAD /usr/lib/gcc/arm-none-eabi/8.3.1/thumb/v6-m/nofp/libgcc.a
LOAD /usr/lib/gcc/arm-none-eabi/8.3.1/../../../arm-none-eabi/lib/thumb/v6-m/nofp/libc.a
END GROUP
START GROUP
LOAD /usr/lib/gcc/arm-none-eabi/8.3.1/thumb/v6-m/nofp/libgcc.a
LOAD /usr/lib/gcc/arm-none-eabi/8.3.1/../../../arm-none-eabi/lib/thumb/v6-m/nofp/libc.a
LOAD /usr/lib/gcc/arm-none-eabi/8.3.1/../../../arm-none-eabi/lib/thumb/v6-m/nofp/libnosys.a
END GROUP
LOAD /usr/lib/gcc/arm-none-eabi/8.3.1/thumb/v6-m/nofp/crtend.o
LOAD /usr/lib/gcc/arm-none-eabi/8.3.1/thumb/v6-m/nofp/crtn.o
OUTPUT(v3fkontroller.elf elf32-littlearm)
LOAD linker stubs

.ARM.attributes
                0x0000000000000000       0x28
 .ARM.attributes
                0x0000000000000000       0x1e /usr/lib/gcc/arm-none-eabi/8.3.1/thumb/v6-m/nofp/crti.o
 .ARM.attributes
                0x000000000000001e       0x2c /usr/lib/gcc/arm-none-eabi/8.3.1/thumb/v6-m/nofp/crtbegin.o
 .ARM.attributes
                0x000000000000004a       0x2c CMakeFiles/v3fkontroller.dir/main.c.obj
 .ARM.attributes
                0x0000000000000076       0x2c CMakeFiles/v3fkontroller.dir/home/alex/software/pico-sdk/src/rp2_common/hardware_gpio/gpio.c.obj
 .ARM.attributes
                0x00000000000000a2       0x2c CMakeFiles/v3fkontroller.dir/home/alex/software/pico-sdk/src/rp2_common/hardware_claim/claim.c.obj
 .ARM.attributes
                0x00000000000000ce       0x2c CMakeFiles/v3fkontroller.dir/home/alex/software/pico-sdk/src/rp2_common/pico_platform/platform.c.obj
 .ARM.attributes
                0x00000000000000fa       0x2c CMakeFiles/v3fkontroller.dir/home/alex/software/pico-sdk/src/rp2_common/hardware_sync/sync.c.obj
 .ARM.attributes
                0x0000000000000126       0x2c CMakeFiles/v3fkontroller.dir/home/alex/software/pico-sdk/src/rp2_common/hardware_irq/irq.c.obj
 .ARM.attributes
                0x0000000000000152       0x22 CMakeFiles/v3fkontroller.dir/home/alex/software/pico-sdk/src/rp2_common/hardware_irq/irq_handler_chain.S.obj
 .ARM.attributes
                0x0000000000000174       0x2c CMakeFiles/v3fkontroller.dir/home/alex/software/pico-sdk/src/common/pico_sync/lock_core.c.obj
 .ARM.attributes
                0x00000000000001a0       0x2c CMakeFiles/v3fkontroller.dir/home/alex/software/pico-sdk/src/common/pico_time/time.c.obj
 .ARM.attributes
                0x00000000000001cc       0x2c CMakeFiles/v3fkontroller.dir/home/alex/software/pico-sdk/src/rp2_common/hardware_timer/timer.c.obj
 .ARM.attributes
                0x00000000000001f8       0x2c CMakeFiles/v3fkontroller.dir/home/alex/software/pico-sdk/src/common/pico_util/pheap.c.obj
 .ARM.attributes
                0x0000000000000224       0x2c CMakeFiles/v3fkontroller.dir/home/alex/software/pico-sdk/src/common/pico_sync/mutex.c.obj
 .ARM.attributes
                0x0000000000000250       0x2c CMakeFiles/v3fkontroller.dir/home/alex/software/pico-sdk/src/common/pico_sync/critical_section.c.obj
 .ARM.attributes
                0x000000000000027c       0x2c CMakeFiles/v3fkontroller.dir/home/alex/software/pico-sdk/src/rp2_common/pico_runtime/runtime.c.obj
 .ARM.attributes
                0x00000000000002a8       0x2c CMakeFiles/v3fkontroller.dir/home/alex/software/pico-sdk/src/rp2_common/hardware_clocks/clocks.c.obj
 .ARM.attributes
                0x00000000000002d4       0x2c CMakeFiles/v3fkontroller.dir/home/alex/software/pico-sdk/src/rp2_common/hardware_pll/pll.c.obj
 .ARM.attributes
                0x0000000000000300       0x2c CMakeFiles/v3fkontroller.dir/home/alex/software/pico-sdk/src/rp2_common/hardware_watchdog/watchdog.c.obj
 .ARM.attributes
                0x000000000000032c       0x2c CMakeFiles/v3fkontroller.dir/home/alex/software/pico-sdk/src/rp2_common/hardware_xosc/xosc.c.obj
 .ARM.attributes
                0x0000000000000358       0x2c CMakeFiles/v3fkontroller.dir/home/alex/software/pico-sdk/src/rp2_common/pico_printf/printf.c.obj
 .ARM.attributes
                0x0000000000000384       0x22 CMakeFiles/v3fkontroller.dir/home/alex/software/pico-sdk/src/rp2_common/pico_bit_ops/bit_ops_aeabi.S.obj
 .ARM.attributes